<html>
<body>
<pre>
<h1>礦ision Build Log</h1>
<h2>Tool Versions:</h2>
IDE-Version: μVision V5.20.0.0
Copyright (C) 2016 ARM Ltd and ARM Germany GmbH. All rights reserved.
License Information: z zz, NJUPT, LIC=AK1EV-PIX8W-4AYDE-5T3IA-6PJ1T-5FZ3Z
 
Tool Versions:
Toolchain:       MDK-ARM Professional  Version: 5.20
Toolchain Path:  D:\MDK5.12\ARM\ARMCC\Bin
C Compiler:      Armcc.exe V5.06 update 2 (build 183)
Assembler:       Armasm.exe V5.06 update 2 (build 183)
Linker/Locator:  ArmLink.exe V5.06 update 2 (build 183)
Library Manager: ArmAr.exe V5.06 update 2 (build 183)
Hex Converter:   FromElf.exe V5.06 update 2 (build 183)
CPU DLL:         SARMCM3.DLL V5.20
Dialog DLL:      DCM.DLL V1.13.7.0
Target DLL:      STLink\ST-LINKIII-KEIL_SWO.dll V2.0.18.0
Dialog DLL:      TCM.DLL V1.14.9.0
 
<h2>Project:</h2>
E:\嵌入式\STM32\CODE\STM32F4CODE\标准库\频率音乐播放器\USER\AudioPlayer.uvprojx
Project File Date:  10/28/2017

<h2>Output:</h2>
*** Using Compiler 'V5.06 update 2 (build 183)', folder: 'D:\MDK5.12\ARM\ARMCC\Bin'
Build target 'AudioPlayer'
compiling wavplay.c...
..\AUDIOCODEC\wav\wavplay.c(176): warning:  #177-D: variable "key" was declared but never referenced
  	u8 key;
..\AUDIOCODEC\wav\wavplay.c: 1 warning, 0 errors
linking...
Program Size: Code=69262 RO-data=8550 RW-data=660 ZI-data=1225404  
FromELF: creating hex file...
"..\OBJ\AudioPlayer.axf" - 0 Error(s), 1 Warning(s).

<h2>Collection of Component include folders:</h2>
  E:\嵌入式\STM32\CODE\STM32F4CODE\标准库\频率音乐播放器\USER\RTE
  D:\MDK5.12\ARM\PACK\Keil\STM32F4xx_DFP\2.11.0\Drivers\CMSIS\Device\ST\STM32F4xx\Include

<h2>Collection of Component Files used:</h2>
Build Time Elapsed:  00:00:02
</pre>
</body>
</html>
