Component: ARM Compiler 5.06 update 2 (build 183) Tool: armlink [4d35b7]

==============================================================================

Section Cross References

    main.o(.text) refers to misc.o(.text) for NVIC_PriorityGroupConfig
    main.o(.text) refers to delay.o(.text) for delay_init
    main.o(.text) refers to usart.o(.text) for uart_init
    main.o(.text) refers to lcd.o(.text) for LCD_Init
    main.o(.text) refers to w25qxx.o(.text) for W25QXX_Init
    main.o(.text) refers to wm8978.o(.text) for WM8978_Init
    main.o(.text) refers to timer.o(.text) for TIM3_Int_Init
    main.o(.text) refers to malloc.o(.text) for my_mem_init
    main.o(.text) refers to exfuns.o(.text) for exfuns_init
    main.o(.text) refers to ff.o(.text) for f_mount
    main.o(.text) refers to noretval__2printf.o(.text) for __2printf
    main.o(.text) refers to fontupd.o(.text) for font_init
    main.o(.text) refers to audioplay.o(.text) for audio_play
    main.o(.text) refers to exfuns.o(.bss) for fs
    main.o(.text) refers to lcd.o(.data) for POINT_COLOR
    system_stm32f4xx.o(.text) refers to system_stm32f4xx.o(.data) for SystemCoreClock
    led.o(.text) refers to stm32f4xx_rcc.o(.text) for RCC_AHB1PeriphClockCmd
    led.o(.text) refers to stm32f4xx_gpio.o(.text) for GPIO_Init
    lcd.o(.text) refers to delay.o(.text) for delay_us
    lcd.o(.text) refers to lcd.o(.bss) for lcddev
    lcd.o(.text) refers to lcd.o(.data) for POINT_COLOR
    lcd.o(.text) refers to dflt_clz.o(x$fpl$dfltu) for __aeabi_ui2d
    lcd.o(.text) refers to dmul.o(x$fpl$dmul) for __aeabi_dmul
    lcd.o(.text) refers to dfixu.o(x$fpl$dfixu) for __aeabi_d2uiz
    lcd.o(.text) refers to stm32f4xx_rcc.o(.text) for RCC_AHB1PeriphClockCmd
    lcd.o(.text) refers to stm32f4xx_gpio.o(.text) for GPIO_Init
    lcd.o(.text) refers to stm32f4xx_fsmc.o(.text) for FSMC_NORSRAMInit
    lcd.o(.text) refers to lcd.o(.constdata) for asc2_1206
    key.o(.text) refers to stm32f4xx_rcc.o(.text) for RCC_AHB1PeriphClockCmd
    key.o(.text) refers to stm32f4xx_gpio.o(.text) for GPIO_Init
    key.o(.text) refers to delay.o(.text) for delay_ms
    key.o(.text) refers to key.o(.data) for key_up
    spi.o(.text) refers to stm32f4xx_spi.o(.text) for SPI_I2S_GetFlagStatus
    spi.o(.text) refers to stm32f4xx_rcc.o(.text) for RCC_AHB1PeriphClockCmd
    spi.o(.text) refers to stm32f4xx_gpio.o(.text) for GPIO_Init
    w25qxx.o(.text) refers to _printf_percent.o(.ARM.Collect$$_printf_percent$$00000000) for _printf_percent
    w25qxx.o(.text) refers to _printf_x.o(.ARM.Collect$$_printf_percent$$0000000C) for _printf_x
    w25qxx.o(.text) refers to _printf_hex_int.o(.text) for _printf_longlong_hex
    w25qxx.o(.text) refers to spi.o(.text) for SPI1_ReadWriteByte
    w25qxx.o(.text) refers to stm32f4xx_rcc.o(.text) for RCC_AHB1PeriphClockCmd
    w25qxx.o(.text) refers to stm32f4xx_gpio.o(.text) for GPIO_Init
    w25qxx.o(.text) refers to noretval__2printf.o(.text) for __2printf
    w25qxx.o(.text) refers to delay.o(.text) for delay_us
    w25qxx.o(.text) refers to w25qxx.o(.data) for W25QXX_TYPE
    w25qxx.o(.text) refers to w25qxx.o(.bss) for W25QXX_BUFFER
    sdio_sdcard.o(.text) refers to stm32f4xx_sdio.o(.text) for SDIO_GetFlagStatus
    sdio_sdcard.o(.text) refers to sdio_sdcard.o(.data) for DeviceMode
    sdio_sdcard.o(.text) refers to sdio_sdcard.o(.bss) for SDIO_CmdInitStructure
    sdio_sdcard.o(.text) refers to stm32f4xx_rcc.o(.text) for RCC_AHB1PeriphClockCmd
    sdio_sdcard.o(.text) refers to stm32f4xx_gpio.o(.text) for GPIO_Init
    sdio_sdcard.o(.text) refers to misc.o(.text) for NVIC_Init
    sdio_sdcard.o(.text) refers to stm32f4xx_dma.o(.text) for DMA_GetCmdStatus
    sdio_sdcard.o(.text) refers to sys.o(.emb_text) for INTX_DISABLE
    sdio_sdcard.o(.text) refers to rt_memcpy_v6.o(.text) for __aeabi_memcpy
    myiic.o(.text) refers to stm32f4xx_rcc.o(.text) for RCC_AHB1PeriphClockCmd
    myiic.o(.text) refers to stm32f4xx_gpio.o(.text) for GPIO_Init
    myiic.o(.text) refers to delay.o(.text) for delay_us
    24cxx.o(.text) refers to myiic.o(.text) for IIC_Init
    24cxx.o(.text) refers to delay.o(.text) for delay_ms
    i2s.o(.text) refers to stm32f4xx_rcc.o(.text) for RCC_APB1PeriphClockCmd
    i2s.o(.text) refers to stm32f4xx_spi.o(.text) for I2S_Init
    i2s.o(.text) refers to stm32f4xx_dma.o(.text) for DMA_DeInit
    i2s.o(.text) refers to misc.o(.text) for NVIC_Init
    i2s.o(.text) refers to i2s.o(.constdata) for I2S_PSC_TBL
    i2s.o(.text) refers to i2s.o(.data) for i2s_tx_callback
    wm8978.o(.text) refers to myiic.o(.text) for IIC_Start
    wm8978.o(.text) refers to stm32f4xx_rcc.o(.text) for RCC_AHB1PeriphClockCmd
    wm8978.o(.text) refers to stm32f4xx_gpio.o(.text) for GPIO_Init
    wm8978.o(.text) refers to wm8978.o(.data) for WM8978_REGVAL_TBL
    timer.o(.text) refers to stm32f4xx_rcc.o(.text) for RCC_APB1PeriphClockCmd
[...]
    LCD_DrawRectangle                        0x08004df5   Thumb Code    60  lcd.o(.text)
    LCD_Draw_Circle                          0x08004e31   Thumb Code   152  lcd.o(.text)
    LCD_ShowChar                             0x08004ec9   Thumb Code   272  lcd.o(.text)
    LCD_Pow                                  0x08004fd9   Thumb Code    22  lcd.o(.text)
    LCD_ShowNum                              0x08004fef   Thumb Code   148  lcd.o(.text)
    LCD_ShowxNum                             0x08005083   Thumb Code   220  lcd.o(.text)
    LCD_ShowString                           0x0800515f   Thumb Code   102  lcd.o(.text)
    SPI1_ReadWriteByte                       0x080051c5   Thumb Code    50  spi.o(.text)
    SPI1_Init                                0x080051f7   Thumb Code   186  spi.o(.text)
    SPI1_SetSpeed                            0x080052b1   Thumb Code    36  spi.o(.text)
    W25QXX_ReadID                            0x080052dd   Thumb Code    64  w25qxx.o(.text)
    W25QXX_Init                              0x0800531d   Thumb Code   102  w25qxx.o(.text)
    W25QXX_ReadSR                            0x08005383   Thumb Code    36  w25qxx.o(.text)
    W25QXX_Write_SR                          0x080053a7   Thumb Code    32  w25qxx.o(.text)
    W25QXX_Write_Enable                      0x080053c7   Thumb Code    24  w25qxx.o(.text)
    W25QXX_Write_Disable                     0x080053df   Thumb Code    24  w25qxx.o(.text)
    W25QXX_Read                              0x080053f7   Thumb Code    74  w25qxx.o(.text)
    W25QXX_Wait_Busy                         0x08005441   Thumb Code    18  w25qxx.o(.text)
    W25QXX_Write_Page                        0x08005453   Thumb Code    80  w25qxx.o(.text)
    W25QXX_Write_NoCheck                     0x080054a3   Thumb Code    70  w25qxx.o(.text)
    W25QXX_Erase_Sector                      0x080054e9   Thumb Code    70  w25qxx.o(.text)
    W25QXX_Write                             0x0800552f   Thumb Code   180  w25qxx.o(.text)
    W25QXX_Erase_Chip                        0x080055e3   Thumb Code    36  w25qxx.o(.text)
    W25QXX_PowerDown                         0x08005607   Thumb Code    30  w25qxx.o(.text)
    W25QXX_WAKEUP                            0x08005625   Thumb Code    30  w25qxx.o(.text)
    SDIO_Register_Deinit                     0x08005665   Thumb Code    48  sdio_sdcard.o(.text)
    SD_SetDeviceMode                         0x08005695   Thumb Code    20  sdio_sdcard.o(.text)
    SDIO_Clock_Set                           0x080056a9   Thumb Code    18  sdio_sdcard.o(.text)
    CmdResp1Error                            0x080056bb   Thumb Code    96  sdio_sdcard.o(.text)
    FindSCR                                  0x0800571b   Thumb Code   390  sdio_sdcard.o(.text)
    SDEnWideBus                              0x080058a1   Thumb Code   160  sdio_sdcard.o(.text)
    SD_EnableWideBusOperation                0x08005941   Thumb Code    98  sdio_sdcard.o(.text)
    SD_SelectDeselect                        0x080059a3   Thumb Code    42  sdio_sdcard.o(.text)
    SD_GetCardInfo                           0x080059cd   Thumb Code   806  sdio_sdcard.o(.text)
    CmdResp2Error                            0x08005cf3   Thumb Code    80  sdio_sdcard.o(.text)
    CmdResp6Error                            0x08005d43   Thumb Code   144  sdio_sdcard.o(.text)
    SD_InitializeCards                       0x08005dd3   Thumb Code   354  sdio_sdcard.o(.text)
    CmdResp3Error                            0x08005f35   Thumb Code    52  sdio_sdcard.o(.text)
    CmdResp7Error                            0x08005f69   Thumb Code    72  sdio_sdcard.o(.text)
    CmdError                                 0x08005fb1   Thumb Code    48  sdio_sdcard.o(.text)
    SD_PowerON                               0x08005fe1   Thumb Code   460  sdio_sdcard.o(.text)
    SD_Init                                  0x080061ad   Thumb Code   334  sdio_sdcard.o(.text)
    SD_PowerOFF                              0x080062fb   Thumb Code    12  sdio_sdcard.o(.text)
    SD_DMA_Config                            0x08006307   Thumb Code   118  sdio_sdcard.o(.text)
    convert_from_bytes_to_power_of_two       0x0800637d   Thumb Code    18  sdio_sdcard.o(.text)
    SD_ReadBlock                             0x0800638f   Thumb Code   578  sdio_sdcard.o(.text)
    SD_ReadMultiBlocks                       0x080065d1   Thumb Code   762  sdio_sdcard.o(.text)
    IsCardProgramming                        0x080068cb   Thumb Code   150  sdio_sdcard.o(.text)
    SD_WriteBlock                            0x08006961   Thumb Code   914  sdio_sdcard.o(.text)
    SD_WriteMultiBlocks                      0x08006cf3   Thumb Code   976  sdio_sdcard.o(.text)
    SD_ProcessIRQSrc                         0x080070c3   Thumb Code   322  sdio_sdcard.o(.text)
    SDIO_IRQHandler                          0x08007205   Thumb Code     8  sdio_sdcard.o(.text)
    SD_SendStatus                            0x0800720d   Thumb Code    74  sdio_sdcard.o(.text)
    SD_GetState                              0x08007257   Thumb Code    26  sdio_sdcard.o(.text)
    SD_ReadDisk                              0x08007271   Thumb Code   188  sdio_sdcard.o(.text)
    SD_WriteDisk                             0x0800732d   Thumb Code   148  sdio_sdcard.o(.text)
    IIC_Init                                 0x080073c5   Thumb Code    62  myiic.o(.text)
    IIC_Start                                0x08007403   Thumb Code    68  myiic.o(.text)
    IIC_Stop                                 0x08007447   Thumb Code    62  myiic.o(.text)
    IIC_Wait_Ack                             0x08007485   Thumb Code    82  myiic.o(.text)
    IIC_Ack                                  0x080074d7   Thumb Code    66  myiic.o(.text)
    IIC_NAck                                 0x08007519   Thumb Code    66  myiic.o(.text)
    IIC_Send_Byte                            0x0800755b   Thumb Code    90  myiic.o(.text)
    IIC_Read_Byte                            0x080075b5   Thumb Code    94  myiic.o(.text)
    I2S2_Init                                0x08007621   Thumb Code    94  i2s.o(.text)
    I2S2_SampleRate_Set                      0x0800767f   Thumb Code   150  i2s.o(.text)
    I2S2_TX_DMA_Init                         0x08007715   Thumb Code   156  i2s.o(.text)
    DMA1_Stream4_IRQHandler                  0x080077b1   Thumb Code    30  i2s.o(.text)
    I2S_Play_Start                           0x080077cf   Thumb Code    12  i2s.o(.text)
    I2S_Play_Stop                            0x080077db   Thumb Code    12  i2s.o(.text)
    WM8978_Write_Reg                         0x08007801   Thumb Code    80  wm8978.o(.text)
    WM8978_Init                              0x08007851   Thumb Code   244  wm8978.o(.text)
    WM8978_Read_Reg                          0x08007945   Thumb Code    10  wm8978.o(.text)
    WM8978_ADDA_Cfg                          0x0800794f   Thumb Code    64  wm8978.o(.text)
    WM8978_AUX_Gain                          0x0800798f   Thumb Code    54  wm8978.o(.text)
    WM8978_LINEIN_Gain                       0x080079c5   Thumb Code    54  wm8978.o(.text)
    WM8978_Input_Cfg                         0x080079fb   Thumb Code   102  wm8978.o(.text)
    WM8978_Output_Cfg                        0x08007a61   Thumb Code    42  wm8978.o(.text)
    WM8978_MIC_Gain                          0x08007a8b   Thumb Code    28  wm8978.o(.text)
    WM8978_I2S_Cfg                           0x08007aa7   Thumb Code    28  wm8978.o(.text)
    WM8978_HPvol_Set                         0x08007ac3   Thumb Code    46  wm8978.o(.text)
    WM8978_SPKvol_Set                        0x08007af1   Thumb Code    34  wm8978.o(.text)
    WM8978_3D_Set                            0x08007b13   Thumb Code    18  wm8978.o(.text)
    WM8978_EQ_3D_Dir                         0x08007b25   Thumb Code    34  wm8978.o(.text)
    WM8978_EQ1_Set                           0x08007b47   Thumb Code    50  wm8978.o(.text)
    WM8978_EQ2_Set                           0x08007b79   Thumb Code    40  wm8978.o(.text)
    WM8978_EQ3_Set                           0x08007ba1   Thumb Code    40  wm8978.o(.text)
    WM8978_EQ4_Set                           0x08007bc9   Thumb Code    40  wm8978.o(.text)
    WM8978_EQ5_Set                           0x08007bf1   Thumb Code    40  wm8978.o(.text)
    TIM3_Int_Init                            0x08007c25   Thumb Code    96  timer.o(.text)
    TIM3_IRQHandler                          0x08007c85   Thumb Code    66  timer.o(.text)
    TIM5_CH1_Cap_Init                        0x08007cc7   Thumb Code   170  timer.o(.text)
    TIM5_IRQHandler                          0x08007d71   Thumb Code    64  timer.o(.text)
    delay_init                               0x08007dcd   Thumb Code    52  delay.o(.text)
    delay_us                                 0x08007e01   Thumb Code    72  delay.o(.text)
    delay_xms                                0x08007e49   Thumb Code    72  delay.o(.text)
    delay_ms                                 0x08007e91   Thumb Code    56  delay.o(.text)
    _sys_exit                                0x08007ed1   Thumb Code     4  usart.o(.text)
    fputc                                    0x08007ed5   Thumb Code    22  usart.o(.text)
    end_send                                 0x08007eeb   Thumb Code    34  usart.o(.text)
    end_send2                                0x08007f0d   Thumb Code    34  usart.o(.text)
    uart_init                                0x08007f2f   Thumb Code   164  usart.o(.text)
    USART1_IRQHandler                        0x08007fd3   Thumb Code   122  usart.o(.text)
    Reset_Handler                            0x0800805d   Thumb Code     8  startup_stm32f40_41xxx.o(.text)
    ADC_IRQHandler                           0x08008077   Thumb Code     0  startup_stm32f40_41xxx.o(.text)
    CAN1_RX0_IRQHandler                      0x08008077   Thumb Code     0  startup_stm32f40_41xxx.o(.text)
    CAN1_RX1_IRQHandler                      0x08008077   Thumb Code     0  startup_stm32f40_41xxx.o(.text)
    CAN1_SCE_IRQHandler                      0x08008077   Thumb Code     0  startup_stm32f40_41xxx.o(.text)
    CAN1_TX_IRQHandler                       0x08008077   Thumb Code     0  startup_stm32f40_41xxx.o(.text)
    CAN2_RX0_IRQHandler                      0x08008077   Thumb Code     0  startup_stm32f40_41xxx.o(.text)
    CAN2_RX1_IRQHandler                      0x08008077   Thumb Code     0  startup_stm32f40_41xxx.o(.text)
    CAN2_SCE_IRQHandler                      0x08008077   Thumb Code     0  startup_stm32f40_41xxx.o(.text)
    CAN2_TX_IRQHandler                       0x08008077   Thumb Code     0  startup_stm32f40_41xxx.o(.text)
    CRYP_IRQHandler                          0x08008077   Thumb Code     0  startup_stm32f40_41xxx.o(.text)
    DCMI_IRQHandler                          0x08008077   Thumb Code     0  startup_stm32f40_41xxx.o(.text)
    DMA1_Stream0_IRQHandler                  0x08008077   Thumb Code     0  startup_stm32f40_41xxx.o(.text)
    DMA1_Stream1_IRQHandler                  0x08008077   Thumb Code     0  startup_stm32f40_41xxx.o(.text)
    DMA1_Stream2_IRQHandler                  0x08008077   Thumb Code     0  startup_stm32f40_41xxx.o(.text)
    DMA1_Stream3_IRQHandler                  0x08008077   Thumb Code     0  startup_stm32f40_41xxx.o(.text)
    DMA1_Stream5_IRQHandler                  0x08008077   Thumb Code     0  startup_stm32f40_41xxx.o(.text)
    DMA1_Stream6_IRQHandler                  0x08008077   Thumb Code     0  startup_stm32f40_41xxx.o(.text)
    DMA1_Stream7_IRQHandler                  0x08008077   Thumb Code     0  startup_stm32f40_41xxx.o(.text)
    DMA2_Stream0_IRQHandler                  0x08008077   Thumb Code     0  startup_stm32f40_41xxx.o(.text)
    DMA2_Stream1_IRQHandler                  0x08008077   Thumb Code     0  startup_stm32f40_41xxx.o(.text)
    DMA2_Stream2_IRQHandler                  0x08008077   Thumb Code     0  startup_stm32f40_41xxx.o(.text)
    DMA2_Stream3_IRQHandler                  0x08008077   Thumb Code     0  startup_stm32f40_41xxx.o(.text)
    DMA2_Stream4_IRQHandler                  0x08008077   Thumb Code     0  startup_stm32f40_41xxx.o(.text)
    DMA2_Stream5_IRQHandler                  0x08008077   Thumb Code     0  startup_stm32f40_41xxx.o(.text)
    DMA2_Stream6_IRQHandler                  0x08008077   Thumb Code     0  startup_stm32f40_41xxx.o(.text)
    DMA2_Stream7_IRQHandler                  0x08008077   Thumb Code     0  startup_stm32f40_41xxx.o(.text)
    ETH_IRQHandler                           0x08008077   Thumb Code     0  startup_stm32f40_41xxx.o(.text)
    ETH_WKUP_IRQHandler                      0x08008077   Thumb Code     0  startup_stm32f40_41xxx.o(.text)
    EXTI0_IRQHandler                         0x08008077   Thumb Code     0  startup_stm32f40_41xxx.o(.text)
    EXTI15_10_IRQHandler                     0x08008077   Thumb Code     0  startup_stm32f40_41xxx.o(.text)
    EXTI1_IRQHandler                         0x08008077   Thumb Code     0  startup_stm32f40_41xxx.o(.text)
    EXTI2_IRQHandler                         0x08008077   Thumb Code     0  startup_stm32f40_41xxx.o(.text)
    EXTI3_IRQHandler                         0x08008077   Thumb Code     0  startup_stm32f40_41xxx.o(.text)
    EXTI4_IRQHandler                         0x08008077   Thumb Code     0  startup_stm32f40_41xxx.o(.text)
    EXTI9_5_IRQHandler                       0x08008077   Thumb Code     0  startup_stm32f40_41xxx.o(.text)
    FLASH_IRQHandler                         0x08008077   Thumb Code     0  startup_stm32f40_41xxx.o(.text)
    FPU_IRQHandler                           0x08008077   Thumb Code     0  startup_stm32f40_41xxx.o(.text)
    FSMC_IRQHandler                          0x08008077   Thumb Code     0  startup_stm32f40_41xxx.o(.text)
    HASH_RNG_IRQHandler                      0x08008077   Thumb Code     0  startup_stm32f40_41xxx.o(.text)
    I2C1_ER_IRQHandler                       0x08008077   Thumb Code     0  startup_stm32f40_41xxx.o(.text)
    I2C1_EV_IRQHandler                       0x08008077   Thumb Code     0  startup_stm32f40_41xxx.o(.text)
    I2C2_ER_IRQHandler                       0x08008077   Thumb Code     0  startup_stm32f40_41xxx.o(.text)
    I2C2_EV_IRQHandler                       0x08008077   Thumb Code     0  startup_stm32f40_41xxx.o(.text)
    I2C3_ER_IRQHandler                       0x08008077   Thumb Code     0  startup_stm32f40_41xxx.o(.text)
    I2C3_EV_IRQHandler                       0x08008077   Thumb Code     0  startup_stm32f40_41xxx.o(.text)
    OTG_FS_IRQHandler                        0x08008077   Thumb Code     0  startup_stm32f40_41xxx.o(.text)
    OTG_FS_WKUP_IRQHandler                   0x08008077   Thumb Code     0  startup_stm32f40_41xxx.o(.text)
    OTG_HS_EP1_IN_IRQHandler                 0x08008077   Thumb Code     0  startup_stm32f40_41xxx.o(.text)
    OTG_HS_EP1_OUT_IRQHandler                0x08008077   Thumb Code     0  startup_stm32f40_41xxx.o(.text)
    OTG_HS_IRQHandler                        0x08008077   Thumb Code     0  startup_stm32f40_41xxx.o(.text)
    OTG_HS_WKUP_IRQHandler                   0x08008077   Thumb Code     0  startup_stm32f40_41xxx.o(.text)
    PVD_IRQHandler                           0x08008077   Thumb Code     0  startup_stm32f40_41xxx.o(.text)
    RCC_IRQHandler                           0x08008077   Thumb Code     0  startup_stm32f40_41xxx.o(.text)
    RTC_Alarm_IRQHandler                     0x08008077   Thumb Code     0  startup_stm32f40_41xxx.o(.text)
    RTC_WKUP_IRQHandler                      0x08008077   Thumb Code     0  startup_stm32f40_41xxx.o(.text)
    SPI1_IRQHandler                          0x08008077   Thumb Code     0  startup_stm32f40_41xxx.o(.text)
    SPI2_IRQHandler                          0x08008077   Thumb Code     0  startup_stm32f40_41xxx.o(.text)
    SPI3_IRQHandler                          0x08008077   Thumb Code     0  startup_stm32f40_41xxx.o(.text)
    TAMP_STAMP_IRQHandler                    0x08008077   Thumb Code     0  startup_stm32f40_41xxx.o(.text)
    TIM1_BRK_TIM9_IRQHandler                 0x08008077   Thumb Code     0  startup_stm32f40_41xxx.o(.text)
    TIM1_CC_IRQHandler                       0x08008077   Thumb Code     0  startup_stm32f40_41xxx.o(.text)
    TIM1_TRG_COM_TIM11_IRQHandler            0x08008077   Thumb Code     0  startup_stm32f40_41xxx.o(.text)
    TIM1_UP_TIM10_IRQHandler                 0x08008077   Thumb Code     0  startup_stm32f40_41xxx.o(.text)
    TIM2_IRQHandler                          0x08008077   Thumb Code     0  startup_stm32f40_41xxx.o(.text)
    TIM6_DAC_IRQHandler                      0x08008077   Thumb Code     0  startup_stm32f40_41xxx.o(.text)
    TIM7_IRQHandler                          0x08008077   Thumb Code     0  startup_stm32f40_41xxx.o(.text)
    TIM8_BRK_TIM12_IRQHandler                0x08008077   Thumb Code     0  startup_stm32f40_41xxx.o(.text)
    TIM8_CC_IRQHandler                       0x08008077   Thumb Code     0  startup_stm32f40_41xxx.o(.text)
    TIM8_TRG_COM_TIM14_IRQHandler            0x08008077   Thumb Code     0  startup_stm32f40_41xxx.o(.text)
    TIM8_UP_TIM13_IRQHandler                 0x08008077   Thumb Code     0  startup_stm32f40_41xxx.o(.text)
    UART4_IRQHandler                         0x08008077   Thumb Code     0  startup_stm32f40_41xxx.o(.text)
    UART5_IRQHandler                         0x08008077   Thumb Code     0  startup_stm32f40_41xxx.o(.text)
    USART2_IRQHandler                        0x08008077   Thumb Code     0  startup_stm32f40_41xxx.o(.text)
    USART3_IRQHandler                        0x08008077   Thumb Code     0  startup_stm32f40_41xxx.o(.text)
    USART6_IRQHandler                        0x08008077   Thumb Code     0  startup_stm32f40_41xxx.o(.text)
    WWDG_IRQHandler                          0x08008077   Thumb Code     0  startup_stm32f40_41xxx.o(.text)
    __user_initial_stackheap                 0x08008079   Thumb Code     0  startup_stm32f40_41xxx.o(.text)
    NVIC_PriorityGroupConfig                 0x0800809d   Thumb Code    10  misc.o(.text)
    NVIC_Init                                0x080080a7   Thumb Code   106  misc.o(.text)
    NVIC_SetVectorTable                      0x08008111   Thumb Code    14  misc.o(.text)
    NVIC_SystemLPConfig                      0x0800811f   Thumb Code    34  misc.o(.text)
    SysTick_CLKSourceConfig                  0x08008141   Thumb Code    40  misc.o(.text)
    GPIO_DeInit                              0x0800817d   Thumb Code   268  stm32f4xx_gpio.o(.text)
    GPIO_Init                                0x08008289   Thumb Code   144  stm32f4xx_gpio.o(.text)
    GPIO_StructInit                          0x08008319   Thumb Code    18  stm32f4xx_gpio.o(.text)
    GPIO_PinLockConfig                       0x0800832b   Thumb Code    34  stm32f4xx_gpio.o(.text)
    GPIO_ReadInputDataBit                    0x0800834d   Thumb Code    18  stm32f4xx_gpio.o(.text)
    GPIO_ReadInputData                       0x0800835f   Thumb Code     8  stm32f4xx_gpio.o(.text)
    GPIO_ReadOutputDataBit                   0x08008367   Thumb Code    18  stm32f4xx_gpio.o(.text)
    GPIO_ReadOutputData                      0x08008379   Thumb Code     8  stm32f4xx_gpio.o(.text)
    GPIO_SetBits                             0x08008381   Thumb Code     4  stm32f4xx_gpio.o(.text)
    GPIO_ResetBits                           0x08008385   Thumb Code     4  stm32f4xx_gpio.o(.text)
    GPIO_WriteBit                            0x08008389   Thumb Code    10  stm32f4xx_gpio.o(.text)
    GPIO_Write                               0x08008393   Thumb Code     4  stm32f4xx_gpio.o(.text)
    GPIO_ToggleBits                          0x08008397   Thumb Code     8  stm32f4xx_gpio.o(.text)
    GPIO_PinAFConfig                         0x0800839f   Thumb Code    70  stm32f4xx_gpio.o(.text)
    FSMC_NORSRAMDeInit                       0x08008411   Thumb Code    54  stm32f4xx_fsmc.o(.text)
    FSMC_NORSRAMInit                         0x08008447   Thumb Code   230  stm32f4xx_fsmc.o(.text)
    FSMC_NORSRAMStructInit                   0x0800852d   Thumb Code    48  stm32f4xx_fsmc.o(.text)
    FSMC_NORSRAMCmd                          0x0800855d   Thumb Code    46  stm32f4xx_fsmc.o(.text)
    FSMC_NANDDeInit                          0x0800858b   Thumb Code    62  stm32f4xx_fsmc.o(.text)
    FSMC_NANDInit                            0x080085c9   Thumb Code   132  stm32f4xx_fsmc.o(.text)
    FSMC_NANDStructInit                      0x0800864d   Thumb Code    54  stm32f4xx_fsmc.o(.text)
    FSMC_NANDCmd                             0x08008683   Thumb Code    86  stm32f4xx_fsmc.o(.text)
    FSMC_NANDECCCmd                          0x080086d9   Thumb Code    86  stm32f4xx_fsmc.o(.text)
    FSMC_GetECC                              0x0800872f   Thumb Code    24  stm32f4xx_fsmc.o(.text)
    FSMC_PCCARDDeInit                        0x08008747   Thumb Code    36  stm32f4xx_fsmc.o(.text)
    FSMC_PCCARDInit                          0x0800876b   Thumb Code   130  stm32f4xx_fsmc.o(.text)
    FSMC_PCCARDStructInit                    0x080087ed   Thumb Code    60  stm32f4xx_fsmc.o(.text)
    FSMC_PCCARDCmd                           0x08008829   Thumb Code    44  stm32f4xx_fsmc.o(.text)
    FSMC_ITConfig                            0x08008855   Thumb Code   128  stm32f4xx_fsmc.o(.text)
    FSMC_GetFlagStatus                       0x080088d5   Thumb Code    54  stm32f4xx_fsmc.o(.text)
    FSMC_ClearFlag                           0x0800890b   Thumb Code    74  stm32f4xx_fsmc.o(.text)
    FSMC_GetITStatus                         0x08008955   Thumb Code    62  stm32f4xx_fsmc.o(.text)
    FSMC_ClearITPendingBit                   0x08008993   Thumb Code    66  stm32f4xx_fsmc.o(.text)
    RCC_DeInit                               0x080089d9   Thumb Code    82  stm32f4xx_rcc.o(.text)
    RCC_HSEConfig                            0x08008a2b   Thumb Code    14  stm32f4xx_rcc.o(.text)
    RCC_GetFlagStatus                        0x08008a39   Thumb Code    60  stm32f4xx_rcc.o(.text)
    RCC_WaitForHSEStartUp                    0x08008a75   Thumb Code    56  stm32f4xx_rcc.o(.text)
    RCC_AdjustHSICalibrationValue            0x08008aad   Thumb Code    20  stm32f4xx_rcc.o(.text)
    RCC_HSICmd                               0x08008ac1   Thumb Code     6  stm32f4xx_rcc.o(.text)
    RCC_LSEConfig                            0x08008ac7   Thumb Code    46  stm32f4xx_rcc.o(.text)
    RCC_LSICmd                               0x08008af5   Thumb Code     6  stm32f4xx_rcc.o(.text)
    RCC_PLLConfig                            0x08008afb   Thumb Code    32  stm32f4xx_rcc.o(.text)
    RCC_PLLCmd                               0x08008b1b   Thumb Code     6  stm32f4xx_rcc.o(.text)
    RCC_PLLI2SConfig                         0x08008b21   Thumb Code    14  stm32f4xx_rcc.o(.text)
    RCC_PLLI2SCmd                            0x08008b2f   Thumb Code     6  stm32f4xx_rcc.o(.text)
    RCC_PLLSAIConfig                         0x08008b35   Thumb Code    20  stm32f4xx_rcc.o(.text)
    RCC_PLLSAICmd                            0x08008b49   Thumb Code     6  stm32f4xx_rcc.o(.text)
    RCC_ClockSecuritySystemCmd               0x08008b4f   Thumb Code     6  stm32f4xx_rcc.o(.text)
    RCC_MCO1Config                           0x08008b55   Thumb Code    28  stm32f4xx_rcc.o(.text)
    RCC_MCO2Config                           0x08008b71   Thumb Code    28  stm32f4xx_rcc.o(.text)
    RCC_SYSCLKConfig                         0x08008b8d   Thumb Code    20  stm32f4xx_rcc.o(.text)
    RCC_GetSYSCLKSource                      0x08008ba1   Thumb Code    12  stm32f4xx_rcc.o(.text)
    RCC_HCLKConfig                           0x08008bad   Thumb Code    20  stm32f4xx_rcc.o(.text)
    RCC_PCLK1Config                          0x08008bc1   Thumb Code    20  stm32f4xx_rcc.o(.text)
    RCC_PCLK2Config                          0x08008bd5   Thumb Code    22  stm32f4xx_rcc.o(.text)
    RCC_GetClocksFreq                        0x08008beb   Thumb Code   222  stm32f4xx_rcc.o(.text)
    RCC_RTCCLKConfig                         0x08008cc9   Thumb Code    54  stm32f4xx_rcc.o(.text)
    RCC_RTCCLKCmd                            0x08008cff   Thumb Code     8  stm32f4xx_rcc.o(.text)
    RCC_BackupResetCmd                       0x08008d07   Thumb Code     8  stm32f4xx_rcc.o(.text)
    RCC_I2SCLKConfig                         0x08008d0f   Thumb Code     6  stm32f4xx_rcc.o(.text)
    RCC_SAIPLLI2SClkDivConfig                0x08008d15   Thumb Code    26  stm32f4xx_rcc.o(.text)
    RCC_SAIPLLSAIClkDivConfig                0x08008d2f   Thumb Code    28  stm32f4xx_rcc.o(.text)
    RCC_SAIBlockACLKConfig                   0x08008d4b   Thumb Code    20  stm32f4xx_rcc.o(.text)
    RCC_SAIBlockBCLKConfig                   0x08008d5f   Thumb Code    20  stm32f4xx_rcc.o(.text)
    RCC_LTDCCLKDivConfig                     0x08008d73   Thumb Code    20  stm32f4xx_rcc.o(.text)
    RCC_TIMCLKPresConfig                     0x08008d87   Thumb Code     6  stm32f4xx_rcc.o(.text)
    RCC_AHB1PeriphClockCmd                   0x08008d8d   Thumb Code    34  stm32f4xx_rcc.o(.text)
    RCC_AHB2PeriphClockCmd                   0x08008daf   Thumb Code    78  stm32f4xx_rcc.o(.text)
    RCC_AHB3PeriphClockCmd                   0x08008dfd   Thumb Code    34  stm32f4xx_rcc.o(.text)
    RCC_APB1PeriphClockCmd                   0x08008e1f   Thumb Code    34  stm32f4xx_rcc.o(.text)
    RCC_APB2PeriphClockCmd                   0x08008e41   Thumb Code    34  stm32f4xx_rcc.o(.text)
    RCC_AHB1PeriphResetCmd                   0x08008e63   Thumb Code    34  stm32f4xx_rcc.o(.text)
    RCC_AHB2PeriphResetCmd                   0x08008e85   Thumb Code    34  stm32f4xx_rcc.o(.text)
    RCC_AHB3PeriphResetCmd                   0x08008ea7   Thumb Code    34  stm32f4xx_rcc.o(.text)
    RCC_APB1PeriphResetCmd                   0x08008ec9   Thumb Code    34  stm32f4xx_rcc.o(.text)
    RCC_APB2PeriphResetCmd                   0x08008eeb   Thumb Code    34  stm32f4xx_rcc.o(.text)
    RCC_AHB1PeriphClockLPModeCmd             0x08008f0d   Thumb Code    34  stm32f4xx_rcc.o(.text)
    RCC_AHB2PeriphClockLPModeCmd             0x08008f2f   Thumb Code    34  stm32f4xx_rcc.o(.text)
    RCC_AHB3PeriphClockLPModeCmd             0x08008f51   Thumb Code    34  stm32f4xx_rcc.o(.text)
    RCC_APB1PeriphClockLPModeCmd             0x08008f73   Thumb Code    34  stm32f4xx_rcc.o(.text)
    RCC_APB2PeriphClockLPModeCmd             0x08008f95   Thumb Code    34  stm32f4xx_rcc.o(.text)
    RCC_LSEModeConfig                        0x08008fb7   Thumb Code    40  stm32f4xx_rcc.o(.text)
    RCC_ITConfig                             0x08008fdf   Thumb Code    34  stm32f4xx_rcc.o(.text)
    RCC_ClearFlag                            0x08009001   Thumb Code    18  stm32f4xx_rcc.o(.text)
    RCC_GetITStatus                          0x08009013   Thumb Code    22  stm32f4xx_rcc.o(.text)
    RCC_ClearITPendingBit                    0x08009029   Thumb Code     8  stm32f4xx_rcc.o(.text)
    USART_DeInit                             0x08009035   Thumb Code   206  stm32f4xx_usart.o(.text)
    USART_Init                               0x08009103   Thumb Code   204  stm32f4xx_usart.o(.text)
    USART_StructInit                         0x080091cf   Thumb Code    24  stm32f4xx_usart.o(.text)
    USART_ClockInit                          0x080091e7   Thumb Code    32  stm32f4xx_usart.o(.text)
    USART_ClockStructInit                    0x08009207   Thumb Code    12  stm32f4xx_usart.o(.text)
    USART_Cmd                                0x08009213   Thumb Code    24  stm32f4xx_usart.o(.text)
    USART_SetPrescaler                       0x0800922b   Thumb Code    16  stm32f4xx_usart.o(.text)
    USART_OverSampling8Cmd                   0x0800923b   Thumb Code    22  stm32f4xx_usart.o(.text)
    USART_OneBitMethodCmd                    0x08009251   Thumb Code    24  stm32f4xx_usart.o(.text)
    USART_SendData                           0x08009269   Thumb Code     8  stm32f4xx_usart.o(.text)
    USART_ReceiveData                        0x08009271   Thumb Code    10  stm32f4xx_usart.o(.text)
    USART_SetAddress                         0x0800927b   Thumb Code    18  stm32f4xx_usart.o(.text)
    USART_ReceiverWakeUpCmd                  0x0800928d   Thumb Code    24  stm32f4xx_usart.o(.text)
    USART_WakeUpConfig                       0x080092a5   Thumb Code    18  stm32f4xx_usart.o(.text)
    USART_LINBreakDetectLengthConfig         0x080092b7   Thumb Code    18  stm32f4xx_usart.o(.text)
    USART_LINCmd                             0x080092c9   Thumb Code    24  stm32f4xx_usart.o(.text)
    USART_SendBreak                          0x080092e1   Thumb Code    10  stm32f4xx_usart.o(.text)
    USART_HalfDuplexCmd                      0x080092eb   Thumb Code    24  stm32f4xx_usart.o(.text)
    USART_SetGuardTime                       0x08009303   Thumb Code    16  stm32f4xx_usart.o(.text)
    USART_SmartCardCmd                       0x08009313   Thumb Code    24  stm32f4xx_usart.o(.text)
    USART_SmartCardNACKCmd                   0x0800932b   Thumb Code    24  stm32f4xx_usart.o(.text)
    USART_IrDAConfig                         0x08009343   Thumb Code    18  stm32f4xx_usart.o(.text)
    USART_IrDACmd                            0x08009355   Thumb Code    24  stm32f4xx_usart.o(.text)
    USART_DMACmd                             0x0800936d   Thumb Code    18  stm32f4xx_usart.o(.text)
    USART_ITConfig                           0x0800937f   Thumb Code    74  stm32f4xx_usart.o(.text)
    USART_GetFlagStatus                      0x080093c9   Thumb Code    26  stm32f4xx_usart.o(.text)
    USART_ClearFlag                          0x080093e3   Thumb Code    18  stm32f4xx_usart.o(.text)
    USART_GetITStatus                        0x080093f5   Thumb Code   118  stm32f4xx_usart.o(.text)
    USART_ClearITPendingBit                  0x0800946b   Thumb Code    30  stm32f4xx_usart.o(.text)
    TIM_DeInit                               0x08009489   Thumb Code   346  stm32f4xx_tim.o(.text)
    TIM_TimeBaseInit                         0x080095e3   Thumb Code   104  stm32f4xx_tim.o(.text)
    TIM_TimeBaseStructInit                   0x0800964b   Thumb Code    18  stm32f4xx_tim.o(.text)
    TIM_PrescalerConfig                      0x0800965d   Thumb Code     6  stm32f4xx_tim.o(.text)
    TIM_CounterModeConfig                    0x08009663   Thumb Code    18  stm32f4xx_tim.o(.text)
    TIM_SetCounter                           0x08009675   Thumb Code     4  stm32f4xx_tim.o(.text)
    TIM_SetAutoreload                        0x08009679   Thumb Code     4  stm32f4xx_tim.o(.text)
    TIM_GetCounter                           0x0800967d   Thumb Code     6  stm32f4xx_tim.o(.text)
    TIM_GetPrescaler                         0x08009683   Thumb Code     6  stm32f4xx_tim.o(.text)
    TIM_UpdateDisableConfig                  0x08009689   Thumb Code    24  stm32f4xx_tim.o(.text)
    TIM_UpdateRequestConfig                  0x080096a1   Thumb Code    24  stm32f4xx_tim.o(.text)
    TIM_ARRPreloadConfig                     0x080096b9   Thumb Code    24  stm32f4xx_tim.o(.text)
    TIM_SelectOnePulseMode                   0x080096d1   Thumb Code    18  stm32f4xx_tim.o(.text)
    TIM_SetClockDivision                     0x080096e3   Thumb Code    18  stm32f4xx_tim.o(.text)
    TIM_Cmd                                  0x080096f5   Thumb Code    24  stm32f4xx_tim.o(.text)
    TIM_OC1Init                              0x0800970d   Thumb Code   114  stm32f4xx_tim.o(.text)
    TIM_OC2Init                              0x0800977f   Thumb Code   154  stm32f4xx_tim.o(.text)
    TIM_OC3Init                              0x08009819   Thumb Code   204  stm32f4xx_tim.o(.text)
    TIM_OC4Init                              0x080098e5   Thumb Code   112  stm32f4xx_tim.o(.text)
    TIM_OCStructInit                         0x08009955   Thumb Code    20  stm32f4xx_tim.o(.text)
    TIM_SelectOCxM                           0x08009969   Thumb Code    86  stm32f4xx_tim.o(.text)
    TIM_SetCompare1                          0x080099bf   Thumb Code     4  stm32f4xx_tim.o(.text)
    TIM_SetCompare2                          0x080099c3   Thumb Code     4  stm32f4xx_tim.o(.text)
    TIM_SetCompare3                          0x080099c7   Thumb Code     4  stm32f4xx_tim.o(.text)
    TIM_SetCompare4                          0x080099cb   Thumb Code     4  stm32f4xx_tim.o(.text)
    TIM_ForcedOC1Config                      0x080099cf   Thumb Code    18  stm32f4xx_tim.o(.text)
    TIM_ForcedOC2Config                      0x080099e1   Thumb Code    26  stm32f4xx_tim.o(.text)
    TIM_ForcedOC3Config                      0x080099fb   Thumb Code    18  stm32f4xx_tim.o(.text)
    TIM_ForcedOC4Config                      0x08009a0d   Thumb Code    26  stm32f4xx_tim.o(.text)
    TIM_OC1PreloadConfig                     0x08009a27   Thumb Code    18  stm32f4xx_tim.o(.text)
    TIM_OC2PreloadConfig                     0x08009a39   Thumb Code    26  stm32f4xx_tim.o(.text)
    TIM_OC3PreloadConfig                     0x08009a53   Thumb Code    18  stm32f4xx_tim.o(.text)
    TIM_OC4PreloadConfig                     0x08009a65   Thumb Code    26  stm32f4xx_tim.o(.text)
    TIM_OC1FastConfig                        0x08009a7f   Thumb Code    18  stm32f4xx_tim.o(.text)
    TIM_OC2FastConfig                        0x08009a91   Thumb Code    26  stm32f4xx_tim.o(.text)
    TIM_OC3FastConfig                        0x08009aab   Thumb Code    18  stm32f4xx_tim.o(.text)
    TIM_OC4FastConfig                        0x08009abd   Thumb Code    26  stm32f4xx_tim.o(.text)
    TIM_ClearOC1Ref                          0x08009ad7   Thumb Code    18  stm32f4xx_tim.o(.text)
    TIM_ClearOC2Ref                          0x08009ae9   Thumb Code    24  stm32f4xx_tim.o(.text)
    TIM_ClearOC3Ref                          0x08009b01   Thumb Code    18  stm32f4xx_tim.o(.text)
    TIM_ClearOC4Ref                          0x08009b13   Thumb Code    24  stm32f4xx_tim.o(.text)
    TIM_OC1PolarityConfig                    0x08009b2b   Thumb Code    18  stm32f4xx_tim.o(.text)
    TIM_OC1NPolarityConfig                   0x08009b3d   Thumb Code    18  stm32f4xx_tim.o(.text)
    TIM_OC2PolarityConfig                    0x08009b4f   Thumb Code    26  stm32f4xx_tim.o(.text)
    TIM_OC2NPolarityConfig                   0x08009b69   Thumb Code    26  stm32f4xx_tim.o(.text)
    TIM_OC3PolarityConfig                    0x08009b83   Thumb Code    26  stm32f4xx_tim.o(.text)
    TIM_OC3NPolarityConfig                   0x08009b9d   Thumb Code    26  stm32f4xx_tim.o(.text)
    TIM_OC4PolarityConfig                    0x08009bb7   Thumb Code    26  stm32f4xx_tim.o(.text)
    TIM_CCxCmd                               0x08009bd1   Thumb Code    30  stm32f4xx_tim.o(.text)
    TIM_CCxNCmd                              0x08009bef   Thumb Code    30  stm32f4xx_tim.o(.text)
    TIM_SetIC4Prescaler                      0x08009c0d   Thumb Code    26  stm32f4xx_tim.o(.text)
    TIM_SetIC3Prescaler                      0x08009c77   Thumb Code    18  stm32f4xx_tim.o(.text)
    TIM_SetIC2Prescaler                      0x08009cd1   Thumb Code    26  stm32f4xx_tim.o(.text)
    TIM_SetIC1Prescaler                      0x08009d45   Thumb Code    18  stm32f4xx_tim.o(.text)
    TIM_ICInit                               0x08009d91   Thumb Code   110  stm32f4xx_tim.o(.text)
    TIM_ICStructInit                         0x08009dff   Thumb Code    18  stm32f4xx_tim.o(.text)
    TIM_PWMIConfig                           0x08009e11   Thumb Code   124  stm32f4xx_tim.o(.text)
    TIM_GetCapture1                          0x08009e8d   Thumb Code     6  stm32f4xx_tim.o(.text)
    TIM_GetCapture2                          0x08009e93   Thumb Code     6  stm32f4xx_tim.o(.text)
    TIM_GetCapture3                          0x08009e99   Thumb Code     6  stm32f4xx_tim.o(.text)
    TIM_GetCapture4                          0x08009e9f   Thumb Code     6  stm32f4xx_tim.o(.text)
    TIM_BDTRConfig                           0x08009ea5   Thumb Code    32  stm32f4xx_tim.o(.text)
    TIM_BDTRStructInit                       0x08009ec5   Thumb Code    18  stm32f4xx_tim.o(.text)
    TIM_CtrlPWMOutputs                       0x08009ed7   Thumb Code    30  stm32f4xx_tim.o(.text)
    TIM_SelectCOM                            0x08009ef5   Thumb Code    24  stm32f4xx_tim.o(.text)
    TIM_CCPreloadControl                     0x08009f0d   Thumb Code    24  stm32f4xx_tim.o(.text)
    TIM_ITConfig                             0x08009f25   Thumb Code    18  stm32f4xx_tim.o(.text)
    TIM_GenerateEvent                        0x08009f37   Thumb Code     4  stm32f4xx_tim.o(.text)
    TIM_GetFlagStatus                        0x08009f3b   Thumb Code    18  stm32f4xx_tim.o(.text)
    TIM_ClearFlag                            0x08009f4d   Thumb Code     6  stm32f4xx_tim.o(.text)
    TIM_GetITStatus                          0x08009f53   Thumb Code    34  stm32f4xx_tim.o(.text)
    TIM_ClearITPendingBit                    0x08009f75   Thumb Code     6  stm32f4xx_tim.o(.text)
    TIM_DMAConfig                            0x08009f7b   Thumb Code    10  stm32f4xx_tim.o(.text)
    TIM_DMACmd                               0x08009f85   Thumb Code    18  stm32f4xx_tim.o(.text)
    TIM_SelectCCDMA                          0x08009f97   Thumb Code    24  stm32f4xx_tim.o(.text)
    TIM_InternalClockConfig                  0x08009faf   Thumb Code    12  stm32f4xx_tim.o(.text)
    TIM_SelectInputTrigger                   0x08009fbb   Thumb Code    18  stm32f4xx_tim.o(.text)
    TIM_ITRxExternalClockConfig              0x08009fcd   Thumb Code    24  stm32f4xx_tim.o(.text)
    TIM_TIxExternalClockConfig               0x08009fe5   Thumb Code    62  stm32f4xx_tim.o(.text)
    TIM_ETRConfig                            0x0800a023   Thumb Code    28  stm32f4xx_tim.o(.text)
    TIM_ETRClockMode1Config                  0x0800a03f   Thumb Code    54  stm32f4xx_tim.o(.text)
    TIM_ETRClockMode2Config                  0x0800a075   Thumb Code    32  stm32f4xx_tim.o(.text)
    TIM_SelectOutputTrigger                  0x0800a095   Thumb Code    18  stm32f4xx_tim.o(.text)
    TIM_SelectSlaveMode                      0x0800a0a7   Thumb Code    18  stm32f4xx_tim.o(.text)
    TIM_SelectMasterSlaveMode                0x0800a0b9   Thumb Code    18  stm32f4xx_tim.o(.text)
    TIM_EncoderInterfaceConfig               0x0800a0cb   Thumb Code    66  stm32f4xx_tim.o(.text)
    TIM_SelectHallSensor                     0x0800a10d   Thumb Code    24  stm32f4xx_tim.o(.text)
    TIM_RemapConfig                          0x0800a125   Thumb Code     6  stm32f4xx_tim.o(.text)
    SPI_I2S_DeInit                           0x0800a12d   Thumb Code   152  stm32f4xx_spi.o(.text)
    SPI_Init                                 0x0800a1c5   Thumb Code    60  stm32f4xx_spi.o(.text)
    I2S_Init                                 0x0800a201   Thumb Code   396  stm32f4xx_spi.o(.text)
    SPI_StructInit                           0x0800a38d   Thumb Code    24  stm32f4xx_spi.o(.text)
    I2S_StructInit                           0x0800a3a5   Thumb Code    20  stm32f4xx_spi.o(.text)
    SPI_Cmd                                  0x0800a3b9   Thumb Code    24  stm32f4xx_spi.o(.text)
    I2S_Cmd                                  0x0800a3d1   Thumb Code    24  stm32f4xx_spi.o(.text)
    SPI_DataSizeConfig                       0x0800a3e9   Thumb Code    18  stm32f4xx_spi.o(.text)
    SPI_BiDirectionalLineConfig              0x0800a3fb   Thumb Code    28  stm32f4xx_spi.o(.text)
    SPI_NSSInternalSoftwareConfig            0x0800a417   Thumb Code    30  stm32f4xx_spi.o(.text)
    SPI_SSOutputCmd                          0x0800a435   Thumb Code    24  stm32f4xx_spi.o(.text)
    SPI_TIModeCmd                            0x0800a44d   Thumb Code    24  stm32f4xx_spi.o(.text)
    I2S_FullDuplexConfig                     0x0800a465   Thumb Code    80  stm32f4xx_spi.o(.text)
    SPI_I2S_ReceiveData                      0x0800a4b5   Thumb Code     6  stm32f4xx_spi.o(.text)
    SPI_I2S_SendData                         0x0800a4bb   Thumb Code     4  stm32f4xx_spi.o(.text)
    SPI_CalculateCRC                         0x0800a4bf   Thumb Code    24  stm32f4xx_spi.o(.text)
    SPI_TransmitCRC                          0x0800a4d7   Thumb Code    10  stm32f4xx_spi.o(.text)
    SPI_GetCRC                               0x0800a4e1   Thumb Code    16  stm32f4xx_spi.o(.text)
    SPI_GetCRCPolynomial                     0x0800a4f1   Thumb Code     6  stm32f4xx_spi.o(.text)
    SPI_I2S_DMACmd                           0x0800a4f7   Thumb Code    18  stm32f4xx_spi.o(.text)
    SPI_I2S_ITConfig                         0x0800a509   Thumb Code    68  stm32f4xx_spi.o(.text)
    SPI_I2S_GetFlagStatus                    0x0800a54d   Thumb Code    18  stm32f4xx_spi.o(.text)
    SPI_I2S_ClearFlag                        0x0800a55f   Thumb Code     6  stm32f4xx_spi.o(.text)
    SPI_I2S_GetITStatus                      0x0800a565   Thumb Code    52  stm32f4xx_spi.o(.text)
    SPI_I2S_ClearITPendingBit                0x0800a599   Thumb Code    20  stm32f4xx_spi.o(.text)
    SDIO_DeInit                              0x0800a5ad   Thumb Code    22  stm32f4xx_sdio.o(.text)
    SDIO_Init                                0x0800a5c3   Thumb Code    42  stm32f4xx_sdio.o(.text)
    SDIO_StructInit                          0x0800a5ed   Thumb Code    16  stm32f4xx_sdio.o(.text)
    SDIO_ClockCmd                            0x0800a5fd   Thumb Code     6  stm32f4xx_sdio.o(.text)
    SDIO_SetPowerState                       0x0800a603   Thumb Code     8  stm32f4xx_sdio.o(.text)
    SDIO_GetPowerState                       0x0800a60b   Thumb Code    12  stm32f4xx_sdio.o(.text)
    SDIO_SendCommand                         0x0800a617   Thumb Code    42  stm32f4xx_sdio.o(.text)
    SDIO_CmdStructInit                       0x0800a641   Thumb Code    14  stm32f4xx_sdio.o(.text)
    SDIO_GetCommandResponse                  0x0800a64f   Thumb Code    10  stm32f4xx_sdio.o(.text)
    SDIO_GetResponse                         0x0800a659   Thumb Code    22  stm32f4xx_sdio.o(.text)
    SDIO_DataConfig                          0x0800a66f   Thumb Code    48  stm32f4xx_sdio.o(.text)
    SDIO_DataStructInit                      0x0800a69f   Thumb Code    20  stm32f4xx_sdio.o(.text)
    SDIO_GetDataCounter                      0x0800a6b3   Thumb Code     8  stm32f4xx_sdio.o(.text)
    SDIO_ReadData                            0x0800a6bb   Thumb Code     8  stm32f4xx_sdio.o(.text)
    SDIO_WriteData                           0x0800a6c3   Thumb Code     8  stm32f4xx_sdio.o(.text)
    SDIO_GetFIFOCount                        0x0800a6cb   Thumb Code     8  stm32f4xx_sdio.o(.text)
    SDIO_StartSDIOReadWait                   0x0800a6d3   Thumb Code     6  stm32f4xx_sdio.o(.text)
    SDIO_StopSDIOReadWait                    0x0800a6d9   Thumb Code     8  stm32f4xx_sdio.o(.text)
    SDIO_SetSDIOReadWaitMode                 0x0800a6e1   Thumb Code     8  stm32f4xx_sdio.o(.text)
    SDIO_SetSDIOOperation                    0x0800a6e9   Thumb Code     8  stm32f4xx_sdio.o(.text)
    SDIO_SendSDIOSuspendCmd                  0x0800a6f1   Thumb Code     6  stm32f4xx_sdio.o(.text)
    SDIO_CommandCompletionCmd                0x0800a6f7   Thumb Code     8  stm32f4xx_sdio.o(.text)
    SDIO_CEATAITCmd                          0x0800a6ff   Thumb Code    12  stm32f4xx_sdio.o(.text)
    SDIO_SendCEATACmd                        0x0800a70b   Thumb Code     8  stm32f4xx_sdio.o(.text)
    SDIO_DMACmd                              0x0800a713   Thumb Code     8  stm32f4xx_sdio.o(.text)
    SDIO_ITConfig                            0x0800a71b   Thumb Code    34  stm32f4xx_sdio.o(.text)
    SDIO_GetFlagStatus                       0x0800a73d   Thumb Code    22  stm32f4xx_sdio.o(.text)
    SDIO_ClearFlag                           0x0800a753   Thumb Code     8  stm32f4xx_sdio.o(.text)
    SDIO_GetITStatus                         0x0800a75b   Thumb Code    22  stm32f4xx_sdio.o(.text)
    SDIO_ClearITPendingBit                   0x0800a771   Thumb Code     8  stm32f4xx_sdio.o(.text)
    DMA_DeInit                               0x0800a789   Thumb Code   324  stm32f4xx_dma.o(.text)
    DMA_Init                                 0x0800a8cd   Thumb Code    82  stm32f4xx_dma.o(.text)
    DMA_StructInit                           0x0800a91f   Thumb Code    34  stm32f4xx_dma.o(.text)
    DMA_Cmd                                  0x0800a941   Thumb Code    22  stm32f4xx_dma.o(.text)
    DMA_PeriphIncOffsetSizeConfig            0x0800a957   Thumb Code    22  stm32f4xx_dma.o(.text)
    DMA_FlowControllerConfig                 0x0800a96d   Thumb Code    22  stm32f4xx_dma.o(.text)
    DMA_SetCurrDataCounter                   0x0800a983   Thumb Code     4  stm32f4xx_dma.o(.text)
    DMA_GetCurrDataCounter                   0x0800a987   Thumb Code     8  stm32f4xx_dma.o(.text)
    DMA_DoubleBufferModeConfig               0x0800a98f   Thumb Code    24  stm32f4xx_dma.o(.text)
    DMA_DoubleBufferModeCmd                  0x0800a9a7   Thumb Code    22  stm32f4xx_dma.o(.text)
    DMA_MemoryTargetConfig                   0x0800a9bd   Thumb Code    10  stm32f4xx_dma.o(.text)
    DMA_GetCurrentMemoryTarget               0x0800a9c7   Thumb Code    20  stm32f4xx_dma.o(.text)
    DMA_GetCmdStatus                         0x0800a9db   Thumb Code    20  stm32f4xx_dma.o(.text)
    DMA_GetFIFOStatus                        0x0800a9ef   Thumb Code    12  stm32f4xx_dma.o(.text)
    DMA_GetFlagStatus                        0x0800a9fb   Thumb Code    56  stm32f4xx_dma.o(.text)
    DMA_ClearFlag                            0x0800aa33   Thumb Code    40  stm32f4xx_dma.o(.text)
    DMA_ITConfig                             0x0800aa5b   Thumb Code    58  stm32f4xx_dma.o(.text)
    DMA_GetITStatus                          0x0800aa95   Thumb Code    84  stm32f4xx_dma.o(.text)
    DMA_ClearITPendingBit                    0x0800aae9   Thumb Code    40  stm32f4xx_dma.o(.text)
    mymemcpy                                 0x0800ab31   Thumb Code    26  malloc.o(.text)
    mymemset                                 0x0800ab4b   Thumb Code    20  malloc.o(.text)
    my_mem_init                              0x0800ab5f   Thumb Code    54  malloc.o(.text)
    my_mem_perused                           0x0800ab95   Thumb Code    54  malloc.o(.text)
    my_mem_malloc                            0x0800abcb   Thumb Code   154  malloc.o(.text)
    my_mem_free                              0x0800ac65   Thumb Code    94  malloc.o(.text)
    myfree                                   0x0800acc3   Thumb Code    32  malloc.o(.text)
    mymalloc                                 0x0800ace3   Thumb Code    36  malloc.o(.text)
    myrealloc                                0x0800ad07   Thumb Code    68  malloc.o(.text)
    usmart_sys_cmd_exe                       0x0800ad5d   Thumb Code  1554  usmart.o(.text)
    usmart_reset_runtime                     0x0800b36f   Thumb Code    38  usmart.o(.text)
    usmart_get_runtime                       0x0800b395   Thumb Code    60  usmart.o(.text)
    TIM4_IRQHandler                          0x0800b3d1   Thumb Code    46  usmart.o(.text)
    Timer4_Init                              0x0800b3ff   Thumb Code    86  usmart.o(.text)
    usmart_init                              0x0800b455   Thumb Code    36  usmart.o(.text)
    usmart_cmd_rec                           0x0800b479   Thumb Code   170  usmart.o(.text)
    usmart_exe                               0x0800b523   Thumb Code   868  usmart.o(.text)
    usmart_scan                              0x0800b887   Thumb Code   120  usmart.o(.text)
    read_addr                                0x0800b8ff   Thumb Code     6  usmart.o(.text)
    write_addr                               0x0800b905   Thumb Code     4  usmart.o(.text)
    usmart_strcmp                            0x0800b991   Thumb Code    34  usmart_str.o(.text)
    usmart_strcopy                           0x0800b9b3   Thumb Code    22  usmart_str.o(.text)
    usmart_strlen                            0x0800b9c9   Thumb Code    24  usmart_str.o(.text)
    usmart_pow                               0x0800b9e1   Thumb Code    22  usmart_str.o(.text)
    usmart_str2num                           0x0800b9f7   Thumb Code   202  usmart_str.o(.text)
    usmart_get_cmdname                       0x0800bac1   Thumb Code    54  usmart_str.o(.text)
    usmart_search_nextc                      0x0800baf7   Thumb Code    22  usmart_str.o(.text)
    usmart_get_fname                         0x0800bb0d   Thumb Code   440  usmart_str.o(.text)
    usmart_get_aparm                         0x0800bcc5   Thumb Code   200  usmart_str.o(.text)
    usmart_get_parmpos                       0x0800bd8d   Thumb Code    26  usmart_str.o(.text)
    usmart_get_fparam                        0x0800bda7   Thumb Code   262  usmart_str.o(.text)
    disk_initialize                          0x0800beb9   Thumb Code    52  diskio.o(.text)
    disk_status                              0x0800beed   Thumb Code     6  diskio.o(.text)
    disk_read                                0x0800bef3   Thumb Code   122  diskio.o(.text)
    disk_write                               0x0800bf6d   Thumb Code   122  diskio.o(.text)
    disk_ioctl                               0x0800bfe7   Thumb Code   170  diskio.o(.text)
    get_fattime                              0x0800c091   Thumb Code     4  diskio.o(.text)
    ff_memalloc                              0x0800c095   Thumb Code    14  diskio.o(.text)
    ff_memfree                               0x0800c0a3   Thumb Code    14  diskio.o(.text)
    clust2sect                               0x0800c267   Thumb Code    26  ff.o(.text)
    get_fat                                  0x0800c281   Thumb Code   232  ff.o(.text)
    put_fat                                  0x0800c369   Thumb Code   310  ff.o(.text)
    dir_sdi                                  0x0800c613   Thumb Code   158  ff.o(.text)
    f_mount                                  0x0800d685   Thumb Code    86  ff.o(.text)
    f_open                                   0x0800d6db   Thumb Code   384  ff.o(.text)
    f_read                                   0x0800d85b   Thumb Code   448  ff.o(.text)
    f_write                                  0x0800da1b   Thumb Code   490  ff.o(.text)
    f_sync                                   0x0800dc05   Thumb Code   176  ff.o(.text)
    f_close                                  0x0800dcb5   Thumb Code    36  ff.o(.text)
    f_lseek                                  0x0800dcd9   Thumb Code   654  ff.o(.text)
    f_opendir                                0x0800df67   Thumb Code   136  ff.o(.text)
    f_closedir                               0x0800dfef   Thumb Code    22  ff.o(.text)
    f_readdir                                0x0800e005   Thumb Code   114  ff.o(.text)
    f_stat                                   0x0800e077   Thumb Code    84  ff.o(.text)
    f_getfree                                0x0800e0cb   Thumb Code   258  ff.o(.text)
    f_truncate                               0x0800e1cd   Thumb Code   184  ff.o(.text)
    f_unlink                                 0x0800e285   Thumb Code   194  ff.o(.text)
    f_mkdir                                  0x0800e347   Thumb Code   380  ff.o(.text)
    f_chmod                                  0x0800e4c3   Thumb Code   112  ff.o(.text)
    f_utime                                  0x0800e533   Thumb Code   110  ff.o(.text)
    f_rename                                 0x0800e5a1   Thumb Code   314  ff.o(.text)
    f_getlabel                               0x0800e6db   Thumb Code   190  ff.o(.text)
    f_setlabel                               0x0800e799   Thumb Code   470  ff.o(.text)
    f_mkfs                                   0x0800e96f   Thumb Code  1570  ff.o(.text)
    f_gets                                   0x0800ef91   Thumb Code    82  ff.o(.text)
    f_putc                                   0x0800f027   Thumb Code    64  ff.o(.text)
    f_puts                                   0x0800f067   Thumb Code    74  ff.o(.text)
    f_printf                                 0x0800f0b1   Thumb Code   674  ff.o(.text)
    exfuns_init                              0x0800f355   Thumb Code   114  exfuns.o(.text)
    char_upper                               0x0800f3c7   Thumb Code    26  exfuns.o(.text)
    f_typetell                               0x0800f3e1   Thumb Code   172  exfuns.o(.text)
    exf_getfree                              0x0800f48d   Thumb Code    74  exfuns.o(.text)
    ff_convert                               0x0800f4ed   Thumb Code   146  mycc936.o(.text)
    ff_wtoupper                              0x0800f57f   Thumb Code    46  mycc936.o(.text)
    fupd_prog                                0x0800f5b9   Thumb Code   148  fontupd.o(.text)
    updata_fontx                             0x0800f64d   Thumb Code   346  fontupd.o(.text)
    update_font                              0x0800f7a7   Thumb Code   884  fontupd.o(.text)
    font_init                                0x0800fb1b   Thumb Code    64  fontupd.o(.text)
    wav_decode_init                          0x0800fb99   Thumb Code   244  wavplay.o(.text)
    wav_buffill                              0x0800fc8d   Thumb Code   156  wavplay.o(.text)
    wav_i2s_dma_tx_callback                  0x0800fd29   Thumb Code    96  wavplay.o(.text)
    wav_get_curtime                          0x0800fd89   Thumb Code    74  wavplay.o(.text)
    wav_play_song                            0x0800fdd3   Thumb Code  1026  wavplay.o(.text)
    audio_start                              0x08010219   Thumb Code    14  audioplay.o(.text)
    audio_stop                               0x08010227   Thumb Code    14  audioplay.o(.text)
    audio_get_tnum                           0x08010235   Thumb Code   116  audioplay.o(.text)
    audio_index_show                         0x080102a9   Thumb Code    64  audioplay.o(.text)
    audio_msg_show                           0x080102e9   Thumb Code   242  audioplay.o(.text)
    audio_play                               0x080103db   Thumb Code   358  audioplay.o(.text)
    audio_play_song                          0x08010541   Thumb Code    44  audioplay.o(.text)
    __use_no_semihosting                     0x080105c1   Thumb Code     2  use_no_semi_2.o(.text)
    __aeabi_ldivmod                          0x080105c3   Thumb Code     0  llsdiv.o(.text)
    _ll_sdiv                                 0x080105c3   Thumb Code    72  llsdiv.o(.text)
    __2printf                                0x0801060d   Thumb Code    20  noretval__2printf.o(.text)
    _printf_pre_padding                      0x08010625   Thumb Code    44  _printf_pad.o(.text)
    _printf_post_padding                     0x08010651   Thumb Code    34  _printf_pad.o(.text)
    _printf_str                              0x08010673   Thumb Code    82  _printf_str.o(.text)
    _printf_int_dec                          0x080106c5   Thumb Code   104  _printf_dec.o(.text)
    _printf_int_hex                          0x0801073d   Thumb Code    84  _printf_hex_int.o(.text)
    _printf_longlong_hex                     0x0801073d   Thumb Code     0  _printf_hex_int.o(.text)
    __printf                                 0x08010795   Thumb Code   388  __printf_flags_ss_wp.o(.text)
    strcpy                                   0x0801091d   Thumb Code    72  strcpy.o(.text)
    strcat                                   0x08010965   Thumb Code    24  strcat.o(.text)
    __aeabi_memcpy                           0x0801097d   Thumb Code     0  rt_memcpy_v6.o(.text)
    __rt_memcpy                              0x0801097d   Thumb Code   138  rt_memcpy_v6.o(.text)
    _memcpy_lastbytes                        0x080109e3   Thumb Code     0  rt_memcpy_v6.o(.text)
    strcmp                                   0x08010a09   Thumb Code   128  strcmpv7m.o(.text)
    __use_two_region_memory                  0x08010a89   Thumb Code     2  heapauxi.o(.text)
    __rt_heap_escrow$2region                 0x08010a8b   Thumb Code     2  heapauxi.o(.text)
    __rt_heap_expand$2region                 0x08010a8d   Thumb Code     2  heapauxi.o(.text)
    __I$use$semihosting                      0x08010a8f   Thumb Code     0  use_no_semi.o(.text)
    __use_no_semihosting_swi                 0x08010a8f   Thumb Code     2  use_no_semi.o(.text)
    __aeabi_uldivmod                         0x08010a91   Thumb Code     0  lludivv7m.o(.text)
    _ll_udiv                                 0x08010a91   Thumb Code   238  lludivv7m.o(.text)
    _printf_int_common                       0x08010b7f   Thumb Code   178  _printf_intcommon.o(.text)
    _printf_cs_common                        0x08010c31   Thumb Code    20  _printf_char.o(.text)
    _printf_char                             0x08010c45   Thumb Code    16  _printf_char.o(.text)
    _printf_string                           0x08010c55   Thumb Code     8  _printf_char.o(.text)
    _printf_char_file                        0x08010c5d   Thumb Code    32  _printf_char_file.o(.text)
    __aeabi_memcpy4                          0x08010c81   Thumb Code     0  rt_memcpy_w.o(.text)
    __aeabi_memcpy8                          0x08010c81   Thumb Code     0  rt_memcpy_w.o(.text)
    __rt_memcpy_w                            0x08010c81   Thumb Code   100  rt_memcpy_w.o(.text)
    _memcpy_lastbytes_aligned                0x08010cc9   Thumb Code     0  rt_memcpy_w.o(.text)
    _printf_char_common                      0x08010cef   Thumb Code    32  _printf_char_common.o(.text)
    ferror                                   0x08010d15   Thumb Code     8  ferror.o(.text)
    __user_setup_stackheap                   0x08010d1d   Thumb Code    74  sys_stackheap_outer.o(.text)
    exit                                     0x08010d67   Thumb Code    18  exit.o(.text)
    __user_libspace                          0x08010d79   Thumb Code     8  libspace.o(.text)
    __user_perproc_libspace                  0x08010d79   Thumb Code     0  libspace.o(.text)
    __user_perthread_libspace                0x08010d79   Thumb Code     0  libspace.o(.text)
    _is_digit                                0x08010d81   Thumb Code    14  __printf_wp.o(i._is_digit)
    __aeabi_d2uiz                            0x08010d91   Thumb Code     0  dfixu.o(x$fpl$dfixu)
    _dfixu                                   0x08010d91   Thumb Code    90  dfixu.o(x$fpl$dfixu)
    __aeabi_ui2d                             0x08010deb   Thumb Code     0  dflt_clz.o(x$fpl$dfltu)
    _dfltu                                   0x08010deb   Thumb Code    38  dflt_clz.o(x$fpl$dfltu)
    __aeabi_dmul                             0x08010e11   Thumb Code     0  dmul.o(x$fpl$dmul)
    _dmul                                    0x08010e11   Thumb Code   332  dmul.o(x$fpl$dmul)
    __fpl_dnaninf                            0x08010f65   Thumb Code   156  dnaninf.o(x$fpl$dnaninf)
    __fpl_dretinf                            0x08011001   Thumb Code    12  dretinf.o(x$fpl$dretinf)
    _fp_init                                 0x0801100d   Thumb Code    10  fpinit.o(x$fpl$fpinit)
    __fplib_config_fpu_vfp                   0x08011015   Thumb Code     0  fpinit.o(x$fpl$fpinit)
    __fplib_config_pureend_doubles           0x08011015   Thumb Code     0  fpinit.o(x$fpl$fpinit)
    __I$use$fp                               0x08011016   Number         0  usenofp.o(x$fpl$usenofp)
    asc2_1206                                0x08011016   Data        1140  lcd.o(.constdata)
    asc2_1608                                0x0801148a   Data        1520  lcd.o(.constdata)
    asc2_2412                                0x08011a7a   Data        3420  lcd.o(.constdata)
    I2S_PSC_TBL                              0x080127d6   Data         110  i2s.o(.constdata)
    FSMC_DefaultTimingStruct                 0x08012844   Data          28  stm32f4xx_fsmc.o(.constdata)
    memtblsize                               0x08012860   Data          12  malloc.o(.constdata)
    memblksize                               0x0801286c   Data          12  malloc.o(.constdata)
    memsize                                  0x08012878   Data          12  malloc.o(.constdata)
    FILE_TYPE_TBL                            0x080128c0   Data         112  exfuns.o(.constdata)
    GBK24_PATH                               0x08012cf0   Data           4  fontupd.o(.constdata)
    GBK16_PATH                               0x08012cf4   Data           4  fontupd.o(.constdata)
    GBK12_PATH                               0x08012cf8   Data           4  fontupd.o(.constdata)
    UNIGBK_PATH                              0x08012cfc   Data           4  fontupd.o(.constdata)
    Region$$Table$$Base                      0x08012fd4   Number         0  anon$$obj.o(Region$$Table)
    Region$$Table$$Limit                     0x08012ff4   Number         0  anon$$obj.o(Region$$Table)
    mem3base                                 0x10000000   Data       61440  malloc.o(.ARM.__AT_0x10000000)
    mem3mapbase                              0x1000f000   Data        3840  malloc.o(.ARM.__AT_0x1000F000)
    SystemCoreClock                          0x20000000   Data           4  system_stm32f4xx.o(.data)
    AHBPrescTable                            0x20000004   Data          16  system_stm32f4xx.o(.data)
    POINT_COLOR                              0x20000014   Data           2  lcd.o(.data)
    BACK_COLOR                               0x20000016   Data           2  lcd.o(.data)
    W25QXX_TYPE                              0x20000018   Data           2  w25qxx.o(.data)
    TransferError                            0x20000026   Data           1  sdio_sdcard.o(.data)
    TransferEnd                              0x20000027   Data           1  sdio_sdcard.o(.data)
    tempbuff                                 0x20000028   Data           4  sdio_sdcard.o(.data)
    i2s_tx_callback                          0x2000002c   Data           4  i2s.o(.data)
    TIM5_CH1_COUNTER                         0x200000a4   Data           4  timer.o(.data)
    TIM3_COUNTER                             0x200000a8   Data           4  timer.o(.data)
    TIM5_COUNTER                             0x200000ac   Data           4  timer.o(.data)
    TIM3_CUR                                 0x200000b0   Data           4  timer.o(.data)
    TIM5CH1_CAPTURE_STA                      0x200000b4   Data           1  timer.o(.data)
    TIM5CH1_CAPTURE_VAL                      0x200000b8   Data           4  timer.o(.data)
    __stdout                                 0x200000c0   Data           4  usart.o(.data)
    USART_RX_STA                             0x200000c4   Data           2  usart.o(.data)
    mallco_dev                               0x200000d8   Data          36  malloc.o(.data)
    sys_cmd_tab                              0x200000fc   Data          28  usmart.o(.data)
    usmart_nametab                           0x20000118   Data         104  usmart_config.o(.data)
    usmart_dev                               0x20000180   Data         244  usmart_config.o(.data)
    FLASH_SECTOR_COUNT                       0x20000274   Data           2  diskio.o(.data)
    file                                     0x20000278   Data           4  exfuns.o(.data)
    ftemp                                    0x2000027c   Data           4  exfuns.o(.data)
    br                                       0x20000280   Data           4  exfuns.o(.data)
    bw                                       0x20000284   Data           4  exfuns.o(.data)
    fatbuf                                   0x20000288   Data           4  exfuns.o(.data)
    wavtransferend                           0x2000028c   Data           1  wavplay.o(.data)
    wavwitchbuf                              0x2000028d   Data           1  wavplay.o(.data)
    sta                                      0x2000028e   Data           1  wavplay.o(.data)
    curindex                                 0x20000290   Data           2  audioplay.o(.data)
    lcddev                                   0x20000294   Data          14  lcd.o(.bss)
    W25QXX_BUFFER                            0x200002a2   Data        4096  w25qxx.o(.bss)
    SDIO_InitStructure                       0x200012a8   Data          24  sdio_sdcard.o(.bss)
    SDIO_CmdInitStructure                    0x200012c0   Data          20  sdio_sdcard.o(.bss)
    SDIO_DataInitStructure                   0x200012d4   Data          24  sdio_sdcard.o(.bss)
    SDCardInfo                               0x20001310   Data          88  sdio_sdcard.o(.bss)
    SDIO_DATA_BUFFER                         0x20001368   Data         512  sdio_sdcard.o(.bss)
    TIM5_ICInitStructure                     0x20001568   Data          10  timer.o(.bss)
    USART_RX_BUF                             0x20001572   Data         200  usart.o(.bss)
    mem1base                                 0x20001640   Data       102400  malloc.o(.bss)
    mem1mapbase                              0x2001a640   Data        6400  malloc.o(.bss)
    fs                                       0x2001bf4c   Data          12  exfuns.o(.bss)
    fileinfo                                 0x2001bf58   Data          32  exfuns.o(.bss)
    dir                                      0x2001bf78   Data          36  exfuns.o(.bss)
    ftinfo                                   0x2001bf9c   Data          33  fontupd.o(.bss)
    wavctrl                                  0x2001bfbd   Data          32  wavplay.o(.bss)
    audiodev                                 0x2001bfdd   Data          17  audioplay.o(.bss)
    __libspace_start                         0x2001bff0   Data          96  libspace.o(.bss)
    __temporary_stack_top$libspace           0x2001c050   Data           0  libspace.o(.bss)
    mem2base                                 0x68000000   Data       983040  malloc.o(.ARM.__AT_0x68000000)
    mem2mapbase                              0x680f0000   Data       61440  malloc.o(.ARM.__AT_0x680F0000)



==============================================================================

Memory Map of the image

  Image Entry point : 0x08000189

  Load Region LR_IROM1 (Base: 0x08000000, Size: 0x00013288, Max: 0x00100000, ABSOLUTE, COMPRESSED[0x000130ec])

    Execution Region ER_IROM1 (Base: 0x08000000, Size: 0x00012ff4, Max: 0x00100000, ABSOLUTE)

    Base Addr    Size         Type   Attr      Idx    E Section Name        Object

    0x08000000   0x00000188   Data   RO          642    RESET               startup_stm32f40_41xxx.o
    0x08000188   0x00000008   Code   RO         1272  * !!!main             c_w.l(__main.o)
    0x08000190   0x00000034   Code   RO         1475    !!!scatter          c_w.l(__scatter.o)
    0x080001c4   0x0000005a   Code   RO         1473    !!dczerorl2         c_w.l(__dczerorl2.o)
    0x0800021e   0x00000002   PAD
    0x08000220   0x0000001c   Code   RO         1477    !!handler_zi        c_w.l(__scatter_zi.o)
    0x0800023c   0x00000000   Code   RO         1259    .ARM.Collect$$_printf_percent$$00000000  c_w.l(_printf_percent.o)
    0x0800023c   0x00000006   Code   RO         1257    .ARM.Collect$$_printf_percent$$00000009  c_w.l(_printf_d.o)
    0x08000242   0x00000006   Code   RO         1258    .ARM.Collect$$_printf_percent$$0000000A  c_w.l(_printf_u.o)
    0x08000248   0x00000006   Code   RO         1256    .ARM.Collect$$_printf_percent$$0000000C  c_w.l(_printf_x.o)
    0x0800024e   0x00000006   Code   RO         1254    .ARM.Collect$$_printf_percent$$00000013  c_w.l(_printf_c.o)
    0x08000254   0x00000006   Code   RO         1255    .ARM.Collect$$_printf_percent$$00000014  c_w.l(_printf_s.o)
    0x0800025a   0x00000004   Code   RO         1297    .ARM.Collect$$_printf_percent$$00000017  c_w.l(_printf_percent_end.o)
    0x0800025e   0x00000002   Code   RO         1343    .ARM.Collect$$libinit$$00000000  c_w.l(libinit.o)
    0x08000260   0x00000004   Code   RO         1353    .ARM.Collect$$libinit$$00000001  c_w.l(libinit2.o)
    0x08000264   0x00000000   Code   RO         1356    .ARM.Collect$$libinit$$00000004  c_w.l(libinit2.o)
    0x08000264   0x00000000   Code   RO         1359    .ARM.Collect$$libinit$$0000000A  c_w.l(libinit2.o)
    0x08000264   0x00000000   Code   RO         1361    .ARM.Collect$$libinit$$0000000C  c_w.l(libinit2.o)
    0x08000264   0x00000000   Code   RO         1363    .ARM.Collect$$libinit$$0000000E  c_w.l(libinit2.o)
    0x08000264   0x00000000   Code   RO         1366    .ARM.Collect$$libinit$$00000011  c_w.l(libinit2.o)
    0x08000264   0x00000000   Code   RO         1368    .ARM.Collect$$libinit$$00000013  c_w.l(libinit2.o)
    0x08000264   0x00000000   Code   RO         1370    .ARM.Collect$$libinit$$00000015  c_w.l(libinit2.o)
    0x08000264   0x00000000   Code   RO         1372    .ARM.Collect$$libinit$$00000017  c_w.l(libinit2.o)
    0x08000264   0x00000000   Code   RO         1374    .ARM.Collect$$libinit$$00000019  c_w.l(libinit2.o)
    0x08000264   0x00000000   Code   RO         1376    .ARM.Collect$$libinit$$0000001B  c_w.l(libinit2.o)
    0x08000264   0x00000000   Code   RO         1378    .ARM.Collect$$libinit$$0000001D  c_w.l(libinit2.o)
    0x08000264   0x00000000   Code   RO         1380    .ARM.Collect$$libinit$$0000001F  c_w.l(libinit2.o)
    0x08000264   0x00000000   Code   RO         1382    .ARM.Collect$$libinit$$00000021  c_w.l(libinit2.o)
    0x08000264   0x00000000   Code   RO         1384    .ARM.Collect$$libinit$$00000023  c_w.l(libinit2.o)
    0x08000264   0x00000000   Code   RO         1386    .ARM.Collect$$libinit$$00000025  c_w.l(libinit2.o)
    0x08000264   0x00000000   Code   RO         1390    .ARM.Collect$$libinit$$0000002C  c_w.l(libinit2.o)
    0x08000264   0x00000000   Code   RO         1392    .ARM.Collect$$libinit$$0000002E  c_w.l(libinit2.o)
    0x08000264   0x00000000   Code   RO         1394    .ARM.Collect$$libinit$$00000030  c_w.l(libinit2.o)
    0x08000264   0x00000000   Code   RO         1396    .ARM.Collect$$libinit$$00000032  c_w.l(libinit2.o)
    0x08000264   0x00000002   Code   RO         1397    .ARM.Collect$$libinit$$00000033  c_w.l(libinit2.o)
    0x08000266   0x00000002   Code   RO         1425    .ARM.Collect$$libshutdown$$00000000  c_w.l(libshutdown.o)
    0x08000268   0x00000000   Code   RO         1439    .ARM.Collect$$libshutdown$$00000002  c_w.l(libshutdown2.o)
    0x08000268   0x00000000   Code   RO         1441    .ARM.Collect$$libshutdown$$00000004  c_w.l(libshutdown2.o)
    0x08000268   0x00000000   Code   RO         1444    .ARM.Collect$$libshutdown$$00000007  c_w.l(libshutdown2.o)
    0x08000268   0x00000000   Code   RO         1447    .ARM.Collect$$libshutdown$$0000000A  c_w.l(libshutdown2.o)
    0x08000268   0x00000000   Code   RO         1449    .ARM.Collect$$libshutdown$$0000000C  c_w.l(libshutdown2.o)
    0x08000268   0x00000000   Code   RO         1452    .ARM.Collect$$libshutdown$$0000000F  c_w.l(libshutdown2.o)
    0x08000268   0x00000002   Code   RO         1453    .ARM.Collect$$libshutdown$$00000010  c_w.l(libshutdown2.o)
    0x0800026a   0x00000000   Code   RO         1288    .ARM.Collect$$rtentry$$00000000  c_w.l(__rtentry.o)
    0x0800026a   0x00000000   Code   RO         1306    .ARM.Collect$$rtentry$$00000002  c_w.l(__rtentry2.o)
    0x0800026a   0x00000006   Code   RO         1318    .ARM.Collect$$rtentry$$00000004  c_w.l(__rtentry4.o)
    0x08000270   0x00000000   Code   RO         1308    .ARM.Collect$$rtentry$$00000009  c_w.l(__rtentry2.o)
    0x08000270   0x00000004   Code   RO         1309    .ARM.Collect$$rtentry$$0000000A  c_w.l(__rtentry2.o)
    0x08000274   0x00000000   Code   RO         1311    .ARM.Collect$$rtentry$$0000000C  c_w.l(__rtentry2.o)
    0x08000274   0x00000008   Code   RO         1312    .ARM.Collect$$rtentry$$0000000D  c_w.l(__rtentry2.o)
    0x0800027c   0x00000002   Code   RO         1347    .ARM.Collect$$rtexit$$00000000  c_w.l(rtexit.o)
    0x0800027e   0x00000000   Code   RO         1399    .ARM.Collect$$rtexit$$00000002  c_w.l(rtexit2.o)
    0x0800027e   0x00000004   Code   RO         1400    .ARM.Collect$$rtexit$$00000003  c_w.l(rtexit2.o)
    0x08000282   0x00000006   Code   RO         1401    .ARM.Collect$$rtexit$$00000004  c_w.l(rtexit2.o)
    0x08000288   0x00000010   Code   RO          593    .emb_text           sys.o
    0x08000298   0x0000009c   Code   RO            3    .text               main.o
    0x08000334   0x0000001a   Code   RO          211    .text               stm32f4xx_it.o
    0x0800034e   0x00000002   PAD
    0x08000350   0x00000210   Code   RO          260    .text               system_stm32f4xx.o
    0x08000560   0x00004c64   Code   RO          306    .text               lcd.o
    0x080051c4   0x00000118   Code   RO          365    .text               spi.o
    0x080052dc   0x00000388   Code   RO          388    .text               w25qxx.o
    0x08005664   0x00001d60   Code   RO          415    .text               sdio_sdcard.o
    0x080073c4   0x0000025c   Code   RO          449    .text               myiic.o
    0x08007620   0x000001e0   Code   RO          495    .text               i2s.o
    0x08007800   0x00000424   Code   RO          522    .text               wm8978.o
    0x08007c24   0x000001a8   Code   RO          544    .text               timer.o
    0x08007dcc   0x00000104   Code   RO          571    .text               delay.o
    0x08007ed0   0x0000018c   Code   RO          611    .text               usart.o
    0x0800805c   0x00000040   Code   RO          643    .text               startup_stm32f40_41xxx.o
    0x0800809c   0x000000e0   Code   RO          649    .text               misc.o
    0x0800817c   0x00000294   Code   RO          669    .text               stm32f4xx_gpio.o
    0x08008410   0x000005c8   Code   RO          689    .text               stm32f4xx_fsmc.o
    0x080089d8   0x0000065c   Code   RO          712    .text               stm32f4xx_rcc.o
    0x08009034   0x00000454   Code   RO          734    .text               stm32f4xx_usart.o
    0x08009488   0x00000ca2   Code   RO          754    .text               stm32f4xx_tim.o
    0x0800a12a   0x00000002   PAD
    0x0800a12c   0x00000480   Code   RO          794    .text               stm32f4xx_spi.o
    0x0800a5ac   0x000001dc   Code   RO          814    .text               stm32f4xx_sdio.o
    0x0800a788   0x000003a8   Code   RO          834    .text               stm32f4xx_dma.o
    0x0800ab30   0x0000022c   Code   RO          854    .text               malloc.o
    0x0800ad5c   0x00000c34   Code   RO          886    .text               usmart.o
    0x0800b990   0x00000528   Code   RO          931    .text               usmart_str.o
    0x0800beb8   0x00000200   Code   RO          951    .text               diskio.o
    0x0800c0b8   0x0000329a   Code   RO          975    .text               ff.o
    0x0800f352   0x00000002   PAD
    0x0800f354   0x00000198   Code   RO          999    .text               exfuns.o
    0x0800f4ec   0x000000cc   Code   RO         1058    .text               mycc936.o
    0x0800f5b8   0x000005e0   Code   RO         1079    .text               fontupd.o
    0x0800fb98   0x00000680   Code   RO         1131    .text               wavplay.o
    0x08010218   0x000003a8   Code   RO         1166    .text               audioplay.o
    0x080105c0   0x00000002   Code   RO         1197    .text               c_w.l(use_no_semi_2.o)
    0x080105c2   0x00000048   Code   RO         1199    .text               c_w.l(llsdiv.o)
    0x0801060a   0x00000002   PAD
    0x0801060c   0x00000018   Code   RO         1203    .text               c_w.l(noretval__2printf.o)
    0x08010624   0x0000004e   Code   RO         1207    .text               c_w.l(_printf_pad.o)
    0x08010672   0x00000052   Code   RO         1209    .text               c_w.l(_printf_str.o)
    0x080106c4   0x00000078   Code   RO         1211    .text               c_w.l(_printf_dec.o)
    0x0801073c   0x00000058   Code   RO         1216    .text               c_w.l(_printf_hex_int.o)
    0x08010794   0x00000188   Code   RO         1251    .text               c_w.l(__printf_flags_ss_wp.o)
    0x0801091c   0x00000048   Code   RO         1260    .text               c_w.l(strcpy.o)
    0x08010964   0x00000018   Code   RO         1264    .text               c_w.l(strcat.o)
    0x0801097c   0x0000008a   Code   RO         1266    .text               c_w.l(rt_memcpy_v6.o)
    0x08010a06   0x00000002   PAD
    0x08010a08   0x00000080   Code   RO         1268    .text               c_w.l(strcmpv7m.o)
    0x08010a88   0x00000006   Code   RO         1270    .text               c_w.l(heapauxi.o)
    0x08010a8e   0x00000002   Code   RO         1286    .text               c_w.l(use_no_semi.o)
    0x08010a90   0x000000ee   Code   RO         1289    .text               c_w.l(lludivv7m.o)
    0x08010b7e   0x000000b2   Code   RO         1291    .text               c_w.l(_printf_intcommon.o)
    0x08010c30   0x0000002c   Code   RO         1293    .text               c_w.l(_printf_char.o)
    0x08010c5c   0x00000024   Code   RO         1295    .text               c_w.l(_printf_char_file.o)
    0x08010c80   0x00000064   Code   RO         1298    .text               c_w.l(rt_memcpy_w.o)
    0x08010ce4   0x00000030   Code   RO         1324    .text               c_w.l(_printf_char_common.o)
    0x08010d14   0x00000008   Code   RO         1326    .text               c_w.l(ferror.o)
    0x08010d1c   0x0000004a   Code   RO         1330    .text               c_w.l(sys_stackheap_outer.o)
    0x08010d66   0x00000012   Code   RO         1336    .text               c_w.l(exit.o)
    0x08010d78   0x00000008   Code   RO         1344    .text               c_w.l(libspace.o)
    0x08010d80   0x0000000e   Code   RO         1244    i._is_digit         c_w.l(__printf_wp.o)
    0x08010d8e   0x00000002   PAD
    0x08010d90   0x0000005a   Code   RO         1274    x$fpl$dfixu         fz_wm.l(dfixu.o)
    0x08010dea   0x00000026   Code   RO         1278    x$fpl$dfltu         fz_wm.l(dflt_clz.o)
    0x08010e10   0x00000154   Code   RO         1284    x$fpl$dmul          fz_wm.l(dmul.o)
    0x08010f64   0x0000009c   Code   RO         1300    x$fpl$dnaninf       fz_wm.l(dnaninf.o)
    0x08011000   0x0000000c   Code   RO         1302    x$fpl$dretinf       fz_wm.l(dretinf.o)
    0x0801100c   0x0000000a   Code   RO         1413    x$fpl$fpinit        fz_wm.l(fpinit.o)
    0x08011016   0x00000000   Code   RO         1304    x$fpl$usenofp       fz_wm.l(usenofp.o)
    0x08011016   0x000017c0   Data   RO          308    .constdata          lcd.o
    0x080127d6   0x0000006e   Data   RO          496    .constdata          i2s.o
    0x08012844   0x0000001c   Data   RO          690    .constdata          stm32f4xx_fsmc.o
    0x08012860   0x00000024   Data   RO          860    .constdata          malloc.o
    0x08012884   0x0000003a   Data   RO          977    .constdata          ff.o
    0x080128be   0x00000002   PAD
    0x080128c0   0x00000070   Data   RO         1001    .constdata          exfuns.o
    0x08012930   0x000003c0   Data   RO         1059    .constdata          mycc936.o
    0x08012cf0   0x00000010   Data   RO         1081    .constdata          fontupd.o
    0x08012d00   0x00000028   Data   RO         1217    .constdata          c_w.l(_printf_hex_int.o)
    0x08012d28   0x00000011   Data   RO         1252    .constdata          c_w.l(__printf_flags_ss_wp.o)
    0x08012d39   0x00000003   PAD
    0x08012d3c   0x00000028   Data   RO          887    .conststring        usmart.o
    0x08012d64   0x000001d0   Data   RO          910    .conststring        usmart_config.o
    0x08012f34   0x00000040   Data   RO         1002    .conststring        exfuns.o
    0x08012f74   0x0000005f   Data   RO         1082    .conststring        fontupd.o
    0x08012fd3   0x00000001   PAD
    0x08012fd4   0x00000020   Data   RO         1471    Region$$Table       anon$$obj.o


    Execution Region RW_IRAM1 (Base: 0x20000000, Size: 0x0001c650, Max: 0x00020000, ABSOLUTE, COMPRESSED[0x000000f8])

    Base Addr    Size         Type   Attr      Idx    E Section Name        Object

    0x20000000   0x00000014   Data   RW          261    .data               system_stm32f4xx.o
    0x20000014   0x00000004   Data   RW          309    .data               lcd.o
    0x20000018   0x00000002   Data   RW          390    .data               w25qxx.o
    0x2000001a   0x00000002   PAD
    0x2000001c   0x00000010   Data   RW          417    .data               sdio_sdcard.o
    0x2000002c   0x00000004   Data   RW          497    .data               i2s.o
    0x20000030   0x00000074   Data   RW          523    .data               wm8978.o
    0x200000a4   0x00000018   Data   RW          546    .data               timer.o
    0x200000bc   0x00000004   Data   RW          572    .data               delay.o
    0x200000c0   0x00000006   Data   RW          613    .data               usart.o
    0x200000c6   0x00000010   Data   RW          713    .data               stm32f4xx_rcc.o
    0x200000d6   0x00000002   PAD
    0x200000d8   0x00000024   Data   RW          861    .data               malloc.o
    0x200000fc   0x0000001c   Data   RW          888    .data               usmart.o
    0x20000118   0x0000015c   Data   RW          911    .data               usmart_config.o
    0x20000274   0x00000002   Data   RW          952    .data               diskio.o
    0x20000276   0x00000002   Data   RW          978    .data               ff.o
    0x20000278   0x00000014   Data   RW         1003    .data               exfuns.o
    0x2000028c   0x00000003   Data   RW         1133    .data               wavplay.o
    0x2000028f   0x00000001   PAD
    0x20000290   0x00000004   Data   RW         1168    .data               audioplay.o
    0x20000294   0x0000000e   Zero   RW          307    .bss                lcd.o
    0x200002a2   0x00001000   Zero   RW          389    .bss                w25qxx.o
    0x200012a2   0x00000006   PAD
    0x200012a8   0x000002c0   Zero   RW          416    .bss                sdio_sdcard.o
    0x20001568   0x0000000a   Zero   RW          545    .bss                timer.o
    0x20001572   0x000000c8   Zero   RW          612    .bss                usart.o
    0x2000163a   0x00000006   PAD
    0x20001640   0x0001a900   Zero   RW          859    .bss                malloc.o
    0x2001bf40   0x0000000c   Zero   RW          976    .bss                ff.o
    0x2001bf4c   0x00000050   Zero   RW         1000    .bss                exfuns.o
    0x2001bf9c   0x00000021   Zero   RW         1080    .bss                fontupd.o
    0x2001bfbd   0x00000020   Zero   RW         1132    .bss                wavplay.o
    0x2001bfdd   0x00000011   Zero   RW         1167    .bss                audioplay.o
    0x2001bfee   0x00000002   PAD
    0x2001bff0   0x00000060   Zero   RW         1345    .bss                c_w.l(libspace.o)
    0x2001c050   0x00000200   Zero   RW          641    HEAP                startup_stm32f40_41xxx.o
    0x2001c250   0x00000400   Zero   RW          640    STACK               startup_stm32f40_41xxx.o



  Load Region LR$$.ARM.__AT_0x10000000 (Base: 0x10000000, Size: 0x00000000, Max: 0x0000f000, ABSOLUTE)

    Execution Region ER$$.ARM.__AT_0x10000000 (Base: 0x10000000, Size: 0x0000f000, Max: 0x0000f000, ABSOLUTE, UNINIT)

    Base Addr    Size         Type   Attr      Idx    E Section Name        Object

    0x10000000   0x0000f000   Zero   RW          855    .ARM.__AT_0x10000000  malloc.o



  Load Region LR$$.ARM.__AT_0x1000F000 (Base: 0x1000f000, Size: 0x00000000, Max: 0x00000f00, ABSOLUTE)

    Execution Region ER$$.ARM.__AT_0x1000F000 (Base: 0x1000f000, Size: 0x00000f00, Max: 0x00000f00, ABSOLUTE, UNINIT)

    Base Addr    Size         Type   Attr      Idx    E Section Name        Object

    0x1000f000   0x00000f00   Zero   RW          856    .ARM.__AT_0x1000F000  malloc.o



  Load Region LR$$.ARM.__AT_0x68000000 (Base: 0x68000000, Size: 0x00000000, Max: 0x000f0000, ABSOLUTE)

    Execution Region ER$$.ARM.__AT_0x68000000 (Base: 0x68000000, Size: 0x000f0000, Max: 0x000f0000, ABSOLUTE, UNINIT)

    Base Addr    Size         Type   Attr      Idx    E Section Name        Object

    0x68000000   0x000f0000   Zero   RW          857    .ARM.__AT_0x68000000  malloc.o



  Load Region LR$$.ARM.__AT_0x680F0000 (Base: 0x680f0000, Size: 0x00000000, Max: 0x0000f000, ABSOLUTE)

    Execution Region ER$$.ARM.__AT_0x680F0000 (Base: 0x680f0000, Size: 0x0000f000, Max: 0x0000f000, ABSOLUTE, UNINIT)

    Base Addr    Size         Type   Attr      Idx    E Section Name        Object

    0x680f0000   0x0000f000   Zero   RW          858    .ARM.__AT_0x680F0000  malloc.o


==============================================================================

Image component sizes


      Code (inc. data)   RO Data    RW Data    ZI Data      Debug   Object Name

       936         84          0          4         17       3975   audioplay.o
       260          8          0          4          0       1533   delay.o
       512          8          0          2          0       4514   diskio.o
       408         22        176         20         80       2872   exfuns.o
     12954        136         58          2         12      38414   ff.o
      1504        158        111          0         33       4388   fontupd.o
       480         26        110          4          0       2688   i2s.o
     19556        156       6080          4         14      23002   lcd.o
       156         26          0          0          0     320639   main.o
       556         18         36         36    1218560       5097   malloc.o
       224         20          0          0          0       1869   misc.o
       204         12        960          0          0       1729   mycc936.o
       604         14          0          0          0       1948   myiic.o
      7520        282          0         16        704      25365   sdio_sdcard.o
       280          8          0          0          0       1105   spi.o
        64         26        392          0       1536        848   startup_stm32f40_41xxx.o
       936         32          0          0          0       6445   stm32f4xx_dma.o
      1480         18         28          0          0       5726   stm32f4xx_fsmc.o
       660         44          0          0          0       4209   stm32f4xx_gpio.o
        26          0          0          0          0       1250   stm32f4xx_it.o
      1628         52          0         16          0      13112   stm32f4xx_rcc.o
       476         16          0          0          0       7472   stm32f4xx_sdio.o
      1152         36          0          0          0       6961   stm32f4xx_spi.o
      3234         60          0          0          0      23068   stm32f4xx_tim.o
      1108         34          0          0          0       7936   stm32f4xx_usart.o
        16          0          0          0          0        504   sys.o
       528         46          0         20          0       1855   system_stm32f4xx.o
       424         28          0         24         10       2009   timer.o
       396         16          0          6        200       3737   usart.o
      3124       1286         40         28          0       4498   usmart.o
         0          0        464        348          0       1580   usmart_config.o
      1320         12          0          0          0       5393   usmart_str.o
       904         34          0          2       4096       4573   w25qxx.o
      1664        144          0          3         32       4973   wavplay.o
      1060         12          0        116          0       5905   wm8978.o

    ----------------------------------------------------------------------
     66360       2874       8490        660    1225308     551192   Object Totals
         0          0         32          0          0          0   (incl. Generated)
         6          0          3          5         14          0   (incl. Padding)

    ----------------------------------------------------------------------

      Code (inc. data)   RO Data    RW Data    ZI Data      Debug   Library Member Name

        90          0          0          0          0          0   __dczerorl2.o
         8          0          0          0          0         68   __main.o
       392          4         17          0          0         92   __printf_flags_ss_wp.o
        14          0          0          0          0         68   __printf_wp.o
         0          0          0          0          0          0   __rtentry.o
        12          0          0          0          0          0   __rtentry2.o
         6          0          0          0          0          0   __rtentry4.o
        52          8          0          0          0          0   __scatter.o
        28          0          0          0          0          0   __scatter_zi.o
         6          0          0          0          0          0   _printf_c.o
        44          0          0          0          0        108   _printf_char.o
        48          6          0          0          0         96   _printf_char_common.o
        36          4          0          0          0         80   _printf_char_file.o
         6          0          0          0          0          0   _printf_d.o
       120         16          0          0          0         92   _printf_dec.o
        88          4         40          0          0         88   _printf_hex_int.o
       178          0          0          0          0         88   _printf_intcommon.o
        78          0          0          0          0        108   _printf_pad.o
         0          0          0          0          0          0   _printf_percent.o
         4          0          0          0          0          0   _printf_percent_end.o
         6          0          0          0          0          0   _printf_s.o
        82          0          0          0          0         80   _printf_str.o
         6          0          0          0          0          0   _printf_u.o
         6          0          0          0          0          0   _printf_x.o
        18          0          0          0          0         80   exit.o
         8          0          0          0          0         68   ferror.o
         6          0          0          0          0        152   heapauxi.o
         2          0          0          0          0          0   libinit.o
         6          0          0          0          0          0   libinit2.o
         2          0          0          0          0          0   libshutdown.o
         2          0          0          0          0          0   libshutdown2.o
         8          4          0          0         96         68   libspace.o
        72          0          0          0          0         76   llsdiv.o
       238          0          0          0          0        100   lludivv7m.o
        24          4          0          0          0         84   noretval__2printf.o
       138          0          0          0          0         68   rt_memcpy_v6.o
       100          0          0          0          0         80   rt_memcpy_w.o
         2          0          0          0          0          0   rtexit.o
        10          0          0          0          0          0   rtexit2.o
        24          0          0          0          0         68   strcat.o
       128          0          0          0          0         68   strcmpv7m.o
        72          0          0          0          0         80   strcpy.o
        74          0          0          0          0         80   sys_stackheap_outer.o
         2          0          0          0          0         68   use_no_semi.o
         2          0          0          0          0         68   use_no_semi_2.o
        90          4          0          0          0        140   dfixu.o
        38          0          0          0          0        116   dflt_clz.o
       340         12          0          0          0        152   dmul.o
       156          4          0          0          0        140   dnaninf.o
        12          0          0          0          0        116   dretinf.o
        10          0          0          0          0        116   fpinit.o
         0          0          0          0          0          0   usenofp.o

    ----------------------------------------------------------------------
      2902         70         60          0         96       2956   Library Totals
         8          0          3          0          0          0   (incl. Padding)

    ----------------------------------------------------------------------

      Code (inc. data)   RO Data    RW Data    ZI Data      Debug   Library Name

      2248         50         57          0         96       2176   c_w.l
       646         20          0          0          0        780   fz_wm.l

    ----------------------------------------------------------------------
      2902         70         60          0         96       2956   Library Totals

    ----------------------------------------------------------------------

==============================================================================


      Code (inc. data)   RO Data    RW Data    ZI Data      Debug   

     69262       2944       8550        660    1225404     545104   Grand Totals
     69262       2944       8550        248    1225404     545104   ELF Image Totals (compressed)
     69262       2944       8550        248          0          0   ROM Totals

==============================================================================

    Total RO  Size (Code + RO Data)                77812 (  75.99kB)
    Total RW  Size (RW Data + ZI Data)           1226064 (1197.33kB)
    Total ROM Size (Code + RO Data + RW Data)      78060 (  76.23kB)

==============================================================================

